Archive member included to satisfy reference by file (symbol)

.pio/build/blackpill_f401cc/libf08/libCore.a(usbd_core.o)
                              .pio/build/blackpill_f401cc/src/USB_DEVICE/usb_device.o (USBD_Init)
.pio/build/blackpill_f401cc/libf08/libCore.a(usbd_ctlreq.o)
                              .pio/build/blackpill_f401cc/libf08/libCore.a(usbd_core.o) (USBD_ParseSetupRequest)
.pio/build/blackpill_f401cc/libf08/libCore.a(usbd_ioreq.o)
                              .pio/build/blackpill_f401cc/libf08/libCore.a(usbd_ctlreq.o) (USBD_CtlSendData)
.pio/build/blackpill_f401cc/liba21/libCDC.a(usbd_cdc.o)
                              .pio/build/blackpill_f401cc/src/USB_DEVICE/usb_device.o (USBD_CDC_RegisterInterface)
c:/users/amand/.platformio/packages/toolchain-gccarmnoneeabi@1.70201.0/bin/../lib/gcc/arm-none-eabi/7.2.1/thumb/v7e-m\libgcc.a(_arm_addsubdf3.o)
                              .pio/build/blackpill_f401cc/src/MPU6050/MPU6050.o (__aeabi_dadd)
c:/users/amand/.platformio/packages/toolchain-gccarmnoneeabi@1.70201.0/bin/../lib/gcc/arm-none-eabi/7.2.1/thumb/v7e-m\libgcc.a(_arm_muldivdf3.o)
                              .pio/build/blackpill_f401cc/src/MPU6050/MPU6050.o (__aeabi_dmul)
c:/users/amand/.platformio/packages/toolchain-gccarmnoneeabi@1.70201.0/bin/../lib/gcc/arm-none-eabi/7.2.1/thumb/v7e-m\libgcc.a(_arm_cmpdf2.o)
                              .pio/build/blackpill_f401cc/src/MPU6050/MPU6050.o (__aeabi_dcmplt)
c:/users/amand/.platformio/packages/toolchain-gccarmnoneeabi@1.70201.0/bin/../lib/gcc/arm-none-eabi/7.2.1/thumb/v7e-m\libgcc.a(_arm_truncdfsf2.o)
                              .pio/build/blackpill_f401cc/src/MPU6050/MPU6050.o (__aeabi_d2f)
c:/users/amand/.platformio/packages/toolchain-gccarmnoneeabi@1.70201.0/bin/../lib/gcc/arm-none-eabi/7.2.1/thumb/v7e-m\libgcc.a(_arm_addsubsf3.o)
                              .pio/build/blackpill_f401cc/src/ArduinoWrapper.o (__aeabi_fsub)
c:/users/amand/.platformio/packages/toolchain-gccarmnoneeabi@1.70201.0/bin/../lib/gcc/arm-none-eabi/7.2.1/thumb/v7e-m\libgcc.a(_arm_muldivsf3.o)
                              .pio/build/blackpill_f401cc/src/ArduinoWrapper.o (__aeabi_fmul)
c:/users/amand/.platformio/packages/toolchain-gccarmnoneeabi@1.70201.0/bin/../lib/gcc/arm-none-eabi/7.2.1/thumb/v7e-m\libgcc.a(_arm_cmpsf2.o)
                              .pio/build/blackpill_f401cc/src/main.o (__aeabi_fcmplt)
c:/users/amand/.platformio/packages/toolchain-gccarmnoneeabi@1.70201.0/bin/../lib/gcc/arm-none-eabi/7.2.1/thumb/v7e-m\libgcc.a(_arm_fixsfsi.o)
                              .pio/build/blackpill_f401cc/src/MPU6050/MPU6050.o (__aeabi_f2iz)
c:/users/amand/.platformio/packages/toolchain-gccarmnoneeabi@1.70201.0/bin/../lib/gcc/arm-none-eabi/7.2.1/thumb/v7e-m\libgcc.a(_arm_fixunssfsi.o)
                              .pio/build/blackpill_f401cc/src/MPU6050/MPU6050.o (__aeabi_f2uiz)
c:/users/amand/.platformio/packages/toolchain-gccarmnoneeabi@1.70201.0/bin/../lib/gcc/arm-none-eabi/7.2.1/thumb/v7e-m\libgcc.a(_aeabi_ldivmod.o)
                              .pio/build/blackpill_f401cc/src/lqr_controller.o (__aeabi_ldivmod)
c:/users/amand/.platformio/packages/toolchain-gccarmnoneeabi@1.70201.0/bin/../lib/gcc/arm-none-eabi/7.2.1/thumb/v7e-m\libgcc.a(_aeabi_uldivmod.o)
                              .pio/build/blackpill_f401cc/FrameworkHALDriver/Src/stm32f4xx_hal_irda.o (__aeabi_uldivmod)
c:/users/amand/.platformio/packages/toolchain-gccarmnoneeabi@1.70201.0/bin/../lib/gcc/arm-none-eabi/7.2.1/thumb/v7e-m\libgcc.a(_udivmoddi4.o)
                              c:/users/amand/.platformio/packages/toolchain-gccarmnoneeabi@1.70201.0/bin/../lib/gcc/arm-none-eabi/7.2.1/thumb/v7e-m\libgcc.a(_aeabi_ldivmod.o) (__udivmoddi4)
c:/users/amand/.platformio/packages/toolchain-gccarmnoneeabi@1.70201.0/bin/../lib/gcc/arm-none-eabi/7.2.1/thumb/v7e-m\libgcc.a(_dvmd_tls.o)
                              c:/users/amand/.platformio/packages/toolchain-gccarmnoneeabi@1.70201.0/bin/../lib/gcc/arm-none-eabi/7.2.1/thumb/v7e-m\libgcc.a(_aeabi_ldivmod.o) (__aeabi_ldiv0)
.pio/build/blackpill_f401cc/libFrameworkCMSISDevice.a(startup_stm32f401xc.o)
                              (Reset_Handler)
.pio/build/blackpill_f401cc/libFrameworkCMSISDevice.a(system_stm32f4xx.o)
                              .pio/build/blackpill_f401cc/libFrameworkCMSISDevice.a(startup_stm32f401xc.o) (SystemInit)
c:/users/amand/.platformio/packages/toolchain-gccarmnoneeabi@1.70201.0/bin/../lib/gcc/arm-none-eabi/7.2.1/../../../../arm-none-eabi/lib/thumb/v7e-m\libm.a(lib_a-sf_round.o)
                              .pio/build/blackpill_f401cc/src/MPU6050/MPU6050.o (roundf)
c:/users/amand/.platformio/packages/toolchain-gccarmnoneeabi@1.70201.0/bin/../lib/gcc/arm-none-eabi/7.2.1/../../../../arm-none-eabi/lib/thumb/v7e-m\libm.a(lib_a-wf_asin.o)
                              .pio/build/blackpill_f401cc/src/main.o (asinf)
[...]
Memory Configuration

Name             Origin             Length             Attributes
RAM              0x20000000         0x00010000         xrw
FLASH            0x08000000         0x00040000         xr
*default*        0x00000000         0xffffffff

Linker script and memory map

LOAD c:/users/amand/.platformio/packages/toolchain-gccarmnoneeabi@1.70201.0/bin/../lib/gcc/arm-none-eabi/7.2.1/thumb/v7e-m/crti.o
LOAD c:/users/amand/.platformio/packages/toolchain-gccarmnoneeabi@1.70201.0/bin/../lib/gcc/arm-none-eabi/7.2.1/thumb/v7e-m/crtbegin.o
LOAD c:/users/amand/.platformio/packages/toolchain-gccarmnoneeabi@1.70201.0/bin/../lib/gcc/arm-none-eabi/7.2.1/../../../../arm-none-eabi/lib/thumb/v7e-m/crt0.o
LOAD .pio/build/blackpill_f401cc/FrameworkHALDriver/Src/stm32f4xx_hal.o
LOAD .pio/build/blackpill_f401cc/FrameworkHALDriver/Src/stm32f4xx_hal_adc.o
LOAD .pio/build/blackpill_f401cc/FrameworkHALDriver/Src/stm32f4xx_hal_adc_ex.o
LOAD .pio/build/blackpill_f401cc/FrameworkHALDriver/Src/stm32f4xx_hal_can.o
LOAD .pio/build/blackpill_f401cc/FrameworkHALDriver/Src/stm32f4xx_hal_cec.o
LOAD .pio/build/blackpill_f401cc/FrameworkHALDriver/Src/stm32f4xx_hal_cortex.o
LOAD .pio/build/blackpill_f401cc/FrameworkHALDriver/Src/stm32f4xx_hal_crc.o
LOAD .pio/build/blackpill_f401cc/FrameworkHALDriver/Src/stm32f4xx_hal_cryp.o
LOAD .pio/build/blackpill_f401cc/FrameworkHALDriver/Src/stm32f4xx_hal_cryp_ex.o
LOAD .pio/build/blackpill_f401cc/FrameworkHALDriver/Src/stm32f4xx_hal_dac.o
LOAD .pio/build/blackpill_f401cc/FrameworkHALDriver/Src/stm32f4xx_hal_dac_ex.o
LOAD .pio/build/blackpill_f401cc/FrameworkHALDriver/Src/stm32f4xx_hal_dcmi.o
LOAD .pio/build/blackpill_f401cc/FrameworkHALDriver/Src/stm32f4xx_hal_dcmi_ex.o
LOAD .pio/build/blackpill_f401cc/FrameworkHALDriver/Src/stm32f4xx_hal_dfsdm.o
LOAD .pio/build/blackpill_f401cc/FrameworkHALDriver/Src/stm32f4xx_hal_dma.o
LOAD .pio/build/blackpill_f401cc/FrameworkHALDriver/Src/stm32f4xx_hal_dma2d.o
LOAD .pio/build/blackpill_f401cc/FrameworkHALDriver/Src/stm32f4xx_hal_dma_ex.o
LOAD .pio/build/blackpill_f401cc/FrameworkHALDriver/Src/stm32f4xx_hal_dsi.o
LOAD .pio/build/blackpill_f401cc/FrameworkHALDriver/Src/stm32f4xx_hal_eth.o
LOAD .pio/build/blackpill_f401cc/FrameworkHALDriver/Src/stm32f4xx_hal_exti.o
LOAD .pio/build/blackpill_f401cc/FrameworkHALDriver/Src/stm32f4xx_hal_flash.o
LOAD .pio/build/blackpill_f401cc/FrameworkHALDriver/Src/stm32f4xx_hal_flash_ex.o
LOAD .pio/build/blackpill_f401cc/FrameworkHALDriver/Src/stm32f4xx_hal_flash_ramfunc.o
LOAD .pio/build/blackpill_f401cc/FrameworkHALDriver/Src/stm32f4xx_hal_fmpi2c.o
LOAD .pio/build/blackpill_f401cc/FrameworkHALDriver/Src/stm32f4xx_hal_fmpi2c_ex.o
LOAD .pio/build/blackpill_f401cc/FrameworkHALDriver/Src/stm32f4xx_hal_fmpsmbus.o
LOAD .pio/build/blackpill_f401cc/FrameworkHALDriver/Src/stm32f4xx_hal_fmpsmbus_ex.o
LOAD .pio/build/blackpill_f401cc/FrameworkHALDriver/Src/stm32f4xx_hal_gpio.o
LOAD .pio/build/blackpill_f401cc/FrameworkHALDriver/Src/stm32f4xx_hal_hash.o
LOAD .pio/build/blackpill_f401cc/FrameworkHALDriver/Src/stm32f4xx_hal_hash_ex.o
LOAD .pio/build/blackpill_f401cc/FrameworkHALDriver/Src/stm32f4xx_hal_hcd.o
LOAD .pio/build/blackpill_f401cc/FrameworkHALDriver/Src/stm32f4xx_hal_i2c.o
LOAD .pio/build/blackpill_f401cc/FrameworkHALDriver/Src/stm32f4xx_hal_i2c_ex.o
LOAD .pio/build/blackpill_f401cc/FrameworkHALDriver/Src/stm32f4xx_hal_i2s.o
LOAD .pio/build/blackpill_f401cc/FrameworkHALDriver/Src/stm32f4xx_hal_i2s_ex.o
LOAD .pio/build/blackpill_f401cc/FrameworkHALDriver/Src/stm32f4xx_hal_irda.o
LOAD .pio/build/blackpill_f401cc/FrameworkHALDriver/Src/stm32f4xx_hal_iwdg.o
LOAD .pio/build/blackpill_f401cc/FrameworkHALDriver/Src/stm32f4xx_hal_lptim.o
LOAD .pio/build/blackpill_f401cc/FrameworkHALDriver/Src/stm32f4xx_hal_ltdc.o
LOAD .pio/build/blackpill_f401cc/FrameworkHALDriver/Src/stm32f4xx_hal_ltdc_ex.o
LOAD .pio/build/blackpill_f401cc/FrameworkHALDriver/Src/stm32f4xx_hal_mmc.o
LOAD .pio/build/blackpill_f401cc/FrameworkHALDriver/Src/stm32f4xx_hal_nand.o
LOAD .pio/build/blackpill_f401cc/FrameworkHALDriver/Src/stm32f4xx_hal_nor.o
LOAD .pio/build/blackpill_f401cc/FrameworkHALDriver/Src/stm32f4xx_hal_pccard.o
LOAD .pio/build/blackpill_f401cc/FrameworkHALDriver/Src/stm32f4xx_hal_pcd.o
LOAD .pio/build/blackpill_f401cc/FrameworkHALDriver/Src/stm32f4xx_hal_pcd_ex.o
LOAD .pio/build/blackpill_f401cc/FrameworkHALDriver/Src/stm32f4xx_hal_pwr.o
LOAD .pio/build/blackpill_f401cc/FrameworkHALDriver/Src/stm32f4xx_hal_pwr_ex.o
LOAD .pio/build/blackpill_f401cc/FrameworkHALDriver/Src/stm32f4xx_hal_qspi.o
LOAD .pio/build/blackpill_f401cc/FrameworkHALDriver/Src/stm32f4xx_hal_rcc.o
LOAD .pio/build/blackpill_f401cc/FrameworkHALDriver/Src/stm32f4xx_hal_rcc_ex.o
LOAD .pio/build/blackpill_f401cc/FrameworkHALDriver/Src/stm32f4xx_hal_rng.o
LOAD .pio/build/blackpill_f401cc/FrameworkHALDriver/Src/stm32f4xx_hal_rtc.o
LOAD .pio/build/blackpill_f401cc/FrameworkHALDriver/Src/stm32f4xx_hal_rtc_ex.o
LOAD .pio/build/blackpill_f401cc/FrameworkHALDriver/Src/stm32f4xx_hal_sai.o
LOAD .pio/build/blackpill_f401cc/FrameworkHALDriver/Src/stm32f4xx_hal_sai_ex.o
LOAD .pio/build/blackpill_f401cc/FrameworkHALDriver/Src/stm32f4xx_hal_sd.o
LOAD .pio/build/blackpill_f401cc/FrameworkHALDriver/Src/stm32f4xx_hal_sdram.o
LOAD .pio/build/blackpill_f401cc/FrameworkHALDriver/Src/stm32f4xx_hal_smartcard.o
LOAD .pio/build/blackpill_f401cc/FrameworkHALDriver/Src/stm32f4xx_hal_smbus.o
LOAD .pio/build/blackpill_f401cc/FrameworkHALDriver/Src/stm32f4xx_hal_spdifrx.o
LOAD .pio/build/blackpill_f401cc/FrameworkHALDriver/Src/stm32f4xx_hal_spi.o
LOAD .pio/build/blackpill_f401cc/FrameworkHALDriver/Src/stm32f4xx_hal_sram.o
LOAD .pio/build/blackpill_f401cc/FrameworkHALDriver/Src/stm32f4xx_hal_tim.o
LOAD .pio/build/blackpill_f401cc/FrameworkHALDriver/Src/stm32f4xx_hal_tim_ex.o
LOAD .pio/build/blackpill_f401cc/FrameworkHALDriver/Src/stm32f4xx_hal_uart.o
LOAD .pio/build/blackpill_f401cc/FrameworkHALDriver/Src/stm32f4xx_hal_usart.o
LOAD .pio/build/blackpill_f401cc/FrameworkHALDriver/Src/stm32f4xx_hal_wwdg.o
LOAD .pio/build/blackpill_f401cc/FrameworkHALDriver/Src/stm32f4xx_ll_adc.o
LOAD .pio/build/blackpill_f401cc/FrameworkHALDriver/Src/stm32f4xx_ll_crc.o
LOAD .pio/build/blackpill_f401cc/FrameworkHALDriver/Src/stm32f4xx_ll_dac.o
LOAD .pio/build/blackpill_f401cc/FrameworkHALDriver/Src/stm32f4xx_ll_dma.o
LOAD .pio/build/blackpill_f401cc/FrameworkHALDriver/Src/stm32f4xx_ll_dma2d.o
LOAD .pio/build/blackpill_f401cc/FrameworkHALDriver/Src/stm32f4xx_ll_exti.o
LOAD .pio/build/blackpill_f401cc/FrameworkHALDriver/Src/stm32f4xx_ll_fmc.o
LOAD .pio/build/blackpill_f401cc/FrameworkHALDriver/Src/stm32f4xx_ll_fmpi2c.o
LOAD .pio/build/blackpill_f401cc/FrameworkHALDriver/Src/stm32f4xx_ll_fsmc.o
LOAD .pio/build/blackpill_f401cc/FrameworkHALDriver/Src/stm32f4xx_ll_gpio.o
LOAD .pio/build/blackpill_f401cc/FrameworkHALDriver/Src/stm32f4xx_ll_i2c.o
LOAD .pio/build/blackpill_f401cc/FrameworkHALDriver/Src/stm32f4xx_ll_lptim.o
LOAD .pio/build/blackpill_f401cc/FrameworkHALDriver/Src/stm32f4xx_ll_pwr.o
LOAD .pio/build/blackpill_f401cc/FrameworkHALDriver/Src/stm32f4xx_ll_rcc.o
LOAD .pio/build/blackpill_f401cc/FrameworkHALDriver/Src/stm32f4xx_ll_rng.o
LOAD .pio/build/blackpill_f401cc/FrameworkHALDriver/Src/stm32f4xx_ll_rtc.o
LOAD .pio/build/blackpill_f401cc/FrameworkHALDriver/Src/stm32f4xx_ll_sdmmc.o
LOAD .pio/build/blackpill_f401cc/FrameworkHALDriver/Src/stm32f4xx_ll_spi.o
LOAD .pio/build/blackpill_f401cc/FrameworkHALDriver/Src/stm32f4xx_ll_tim.o
LOAD .pio/build/blackpill_f401cc/FrameworkHALDriver/Src/stm32f4xx_ll_usart.o
LOAD .pio/build/blackpill_f401cc/FrameworkHALDriver/Src/stm32f4xx_ll_usb.o
LOAD .pio/build/blackpill_f401cc/FrameworkHALDriver/Src/stm32f4xx_ll_utils.o
LOAD .pio/build/blackpill_f401cc/src/ArduinoWrapper.o
LOAD .pio/build/blackpill_f401cc/src/I2Cdev.o
LOAD .pio/build/blackpill_f401cc/src/MPU6050/MPU6050.o
LOAD .pio/build/blackpill_f401cc/src/USB_DEVICE/usb_device.o
LOAD .pio/build/blackpill_f401cc/src/USB_DEVICE/usbd_cdc_if.o
LOAD .pio/build/blackpill_f401cc/src/USB_DEVICE/usbd_conf.o
LOAD .pio/build/blackpill_f401cc/src/USB_DEVICE/usbd_desc.o
LOAD .pio/build/blackpill_f401cc/src/init.o
LOAD .pio/build/blackpill_f401cc/src/lqr_controller.o
LOAD .pio/build/blackpill_f401cc/src/main.o
LOAD .pio/build/blackpill_f401cc/src/stm32f4xx_hal_msp.o
LOAD .pio/build/blackpill_f401cc/src/stm32f4xx_it.o
START GROUP
LOAD .pio/build/blackpill_f401cc/lib386/libAUDIO.a
LOAD .pio/build/blackpill_f401cc/libe7b/libCCID.a
LOAD .pio/build/blackpill_f401cc/lib351/libCDC_ECM.a
LOAD .pio/build/blackpill_f401cc/lib269/libCDC_RNDIS.a
LOAD .pio/build/blackpill_f401cc/lib8a1/libCustomHID.a
LOAD .pio/build/blackpill_f401cc/libc5d/libDFU.a
LOAD .pio/build/blackpill_f401cc/libeb6/libHID.a
LOAD .pio/build/blackpill_f401cc/lib5d9/libMSC.a
LOAD .pio/build/blackpill_f401cc/libbfb/libMTP.a
LOAD .pio/build/blackpill_f401cc/libdfa/libPrinter.a
LOAD .pio/build/blackpill_f401cc/libe61/libVIDEO.a
LOAD .pio/build/blackpill_f401cc/lib95b/libCompositeBuilder.a
LOAD .pio/build/blackpill_f401cc/libf08/libCore.a
LOAD .pio/build/blackpill_f401cc/liba21/libCDC.a
LOAD c:/users/amand/.platformio/packages/toolchain-gccarmnoneeabi@1.70201.0/bin/../lib/gcc/arm-none-eabi/7.2.1/thumb/v7e-m\libgcc.a
LOAD c:/users/amand/.platformio/packages/toolchain-gccarmnoneeabi@1.70201.0/bin/../lib/gcc/arm-none-eabi/7.2.1/../../../../arm-none-eabi/lib/thumb/v7e-m\libstdc++_nano.a
LOAD c:/users/amand/.platformio/packages/toolchain-gccarmnoneeabi@1.70201.0/bin/../lib/gcc/arm-none-eabi/7.2.1/../../../../arm-none-eabi/lib/thumb/v7e-m\libnosys.a
LOAD .pio/build/blackpill_f401cc/libFrameworkCMSISDevice.a
END GROUP
LOAD c:/users/amand/.platformio/packages/toolchain-gccarmnoneeabi@1.70201.0/bin/../lib/gcc/arm-none-eabi/7.2.1/../../../../arm-none-eabi/lib/thumb/v7e-m\libstdc++_nano.a
LOAD c:/users/amand/.platformio/packages/toolchain-gccarmnoneeabi@1.70201.0/bin/../lib/gcc/arm-none-eabi/7.2.1/../../../../arm-none-eabi/lib/thumb/v7e-m\libm.a
LOAD c:/users/amand/.platformio/packages/toolchain-gccarmnoneeabi@1.70201.0/bin/../lib/gcc/arm-none-eabi/7.2.1/../../../../arm-none-eabi/lib/thumb/v7e-m\libc_nano.a
START GROUP
LOAD c:/users/amand/.platformio/packages/toolchain-gccarmnoneeabi@1.70201.0/bin/../lib/gcc/arm-none-eabi/7.2.1/thumb/v7e-m\libgcc.a
LOAD c:/users/amand/.platformio/packages/toolchain-gccarmnoneeabi@1.70201.0/bin/../lib/gcc/arm-none-eabi/7.2.1/../../../../arm-none-eabi/lib/thumb/v7e-m\libg_nano.a
LOAD c:/users/amand/.platformio/packages/toolchain-gccarmnoneeabi@1.70201.0/bin/../lib/gcc/arm-none-eabi/7.2.1/../../../../arm-none-eabi/lib/thumb/v7e-m\libc_nano.a
END GROUP
START GROUP
LOAD c:/users/amand/.platformio/packages/toolchain-gccarmnoneeabi@1.70201.0/bin/../lib/gcc/arm-none-eabi/7.2.1/thumb/v7e-m\libgcc.a
LOAD c:/users/amand/.platformio/packages/toolchain-gccarmnoneeabi@1.70201.0/bin/../lib/gcc/arm-none-eabi/7.2.1/../../../../arm-none-eabi/lib/thumb/v7e-m\libc_nano.a
LOAD c:/users/amand/.platformio/packages/toolchain-gccarmnoneeabi@1.70201.0/bin/../lib/gcc/arm-none-eabi/7.2.1/../../../../arm-none-eabi/lib/thumb/v7e-m\libnosys.a
END GROUP
START GROUP
LOAD c:/users/amand/.platformio/packages/toolchain-gccarmnoneeabi@1.70201.0/bin/../lib/gcc/arm-none-eabi/7.2.1/thumb/v7e-m\libgcc.a
LOAD c:/users/amand/.platformio/packages/toolchain-gccarmnoneeabi@1.70201.0/bin/../lib/gcc/arm-none-eabi/7.2.1/../../../../arm-none-eabi/lib/thumb/v7e-m\libc_nano.a
LOAD c:/users/amand/.platformio/packages/toolchain-gccarmnoneeabi@1.70201.0/bin/../lib/gcc/arm-none-eabi/7.2.1/../../../../arm-none-eabi/lib/thumb/v7e-m\libnosys.a
END GROUP
LOAD c:/users/amand/.platformio/packages/toolchain-gccarmnoneeabi@1.70201.0/bin/../lib/gcc/arm-none-eabi/7.2.1/thumb/v7e-m/crtend.o
LOAD c:/users/amand/.platformio/packages/toolchain-gccarmnoneeabi@1.70201.0/bin/../lib/gcc/arm-none-eabi/7.2.1/thumb/v7e-m/crtn.o
                0x20010000                _estack = (ORIGIN (RAM) + LENGTH (RAM))
                0x00000200                _Min_Heap_Size = 0x200
                0x00000400                _Min_Stack_Size = 0x400

.isr_vector     0x08000000      0x194
                0x08000000                . = ALIGN (0x4)
 *(.isr_vector)
 .isr_vector    0x08000000      0x194 .pio/build/blackpill_f401cc/libFrameworkCMSISDevice.a(startup_stm32f401xc.o)
                0x08000000                g_pfnVectors
                0x08000194                . = ALIGN (0x4)

.text           0x080001a0     0xa45c
                0x080001a0                . = ALIGN (0x4)
 *(.text)
 .text          0x080001a0       0x40 c:/users/amand/.platformio/packages/toolchain-gccarmnoneeabi@1.70201.0/bin/../lib/gcc/arm-none-eabi/7.2.1/thumb/v7e-m/crtbegin.o
 .text          0x080001e0      0x378 c:/users/amand/.platformio/packages/toolchain-gccarmnoneeabi@1.70201.0/bin/../lib/gcc/arm-none-eabi/7.2.1/thumb/v7e-m\libgcc.a(_arm_addsubdf3.o)
                0x080001e0                __aeabi_drsub
                0x080001e8                __aeabi_dsub
                0x080001e8                __subdf3
                0x080001ec                __aeabi_dadd
                0x080001ec                __adddf3
                0x08000464                __floatunsidf
                0x08000464                __aeabi_ui2d
                0x08000484                __floatsidf
                0x08000484                __aeabi_i2d
                0x080004a8                __aeabi_f2d
                0x080004a8                __extendsfdf2
                0x080004ec                __floatundidf
                0x080004ec                __aeabi_ul2d
                0x080004fc                __floatdidf
                0x080004fc                __aeabi_l2d
 .text          0x08000558      0x424 c:/users/amand/.platformio/packages/toolchain-gccarmnoneeabi@1.70201.0/bin/../lib/gcc/arm-none-eabi/7.2.1/thumb/v7e-m\libgcc.a(_arm_muldivdf3.o)
                0x08000558                __aeabi_dmul
                0x08000558                __muldf3
                0x080007ac                __divdf3
                0x080007ac                __aeabi_ddiv
 .text          0x0800097c      0x110 c:/users/amand/.platformio/packages/toolchain-gccarmnoneeabi@1.70201.0/bin/../lib/gcc/arm-none-eabi/7.2.1/thumb/v7e-m\libgcc.a(_arm_cmpdf2.o)
                0x0800097c                __gtdf2
                0x0800097c                __gedf2
                0x08000984                __ltdf2
                0x08000984                __ledf2
                0x0800098c                __nedf2
                0x0800098c                __eqdf2
                0x0800098c                __cmpdf2
                0x08000a08                __aeabi_cdrcmple
                0x08000a18                __aeabi_cdcmpeq
                0x08000a18                __aeabi_cdcmple
                0x08000a28                __aeabi_dcmpeq
                0x08000a3c                __aeabi_dcmplt
                0x08000a50                __aeabi_dcmple
                0x08000a64                __aeabi_dcmpge
                0x08000a78                __aeabi_dcmpgt
 .text          0x08000a8c       0xa0 c:/users/amand/.platformio/packages/toolchain-gccarmnoneeabi@1.70201.0/bin/../lib/gcc/arm-none-eabi/7.2.1/thumb/v7e-m\libgcc.a(_arm_truncdfsf2.o)
                0x08000a8c                __truncdfsf2
                0x08000a8c                __aeabi_d2f
 .text          0x08000b2c      0x21c c:/users/amand/.platformio/packages/toolchain-gccarmnoneeabi@1.70201.0/bin/../lib/gcc/arm-none-eabi/7.2.1/thumb/v7e-m\libgcc.a(_arm_addsubsf3.o)
                0x08000b2c                __aeabi_frsub
                0x08000b34                __subsf3
                0x08000b34                __aeabi_fsub
                0x08000b38                __aeabi_fadd
                0x08000b38                __addsf3
                0x08000c98                __aeabi_ui2f
                0x08000c98                __floatunsisf
                0x08000ca0                __aeabi_i2f
                0x08000ca0                __floatsisf
                0x08000cbc                __aeabi_ul2f
                0x08000cbc                __floatundisf
                0x08000ccc                __aeabi_l2f
                0x08000ccc                __floatdisf
 .text          0x08000d48      0x2a0 c:/users/amand/.platformio/packages/toolchain-gccarmnoneeabi@1.70201.0/bin/../lib/gcc/arm-none-eabi/7.2.1/thumb/v7e-m\libgcc.a(_arm_muldivsf3.o)
                0x08000d48                __mulsf3
                0x08000d48                __aeabi_fmul
                0x08000eb0                __aeabi_fdiv
                0x08000eb0                __divsf3
 .text          0x08000fe8       0xec c:/users/amand/.platformio/packages/toolchain-gccarmnoneeabi@1.70201.0/bin/../lib/gcc/arm-none-eabi/7.2.1/thumb/v7e-m\libgcc.a(_arm_cmpsf2.o)
                0x08000fe8                __gesf2
                0x08000fe8                __gtsf2
                0x08000ff0                __lesf2
                0x08000ff0                __ltsf2
                0x08000ff8                __nesf2
                0x08000ff8                __eqsf2
                0x08000ff8                __cmpsf2
                0x08001058                __aeabi_cfrcmple
                0x08001060                __aeabi_cfcmpeq
                0x08001060                __aeabi_cfcmple
                0x08001070                __aeabi_fcmpeq
                0x08001084                __aeabi_fcmplt
                0x08001098                __aeabi_fcmple
                0x080010ac                __aeabi_fcmpge
                0x080010c0                __aeabi_fcmpgt
 .text          0x080010d4       0x4c c:/users/amand/.platformio/packages/toolchain-gccarmnoneeabi@1.70201.0/bin/../lib/gcc/arm-none-eabi/7.2.1/thumb/v7e-m\libgcc.a(_arm_fixsfsi.o)
                0x080010d4                __aeabi_f2iz
                0x080010d4                __fixsfsi
 .text          0x08001120       0x40 c:/users/amand/.platformio/packages/toolchain-gccarmnoneeabi@1.70201.0/bin/../lib/gcc/arm-none-eabi/7.2.1/thumb/v7e-m\libgcc.a(_arm_fixunssfsi.o)
                0x08001120                __fixunssfsi
                0x08001120                __aeabi_f2uiz
 .text          0x08001160       0xa0 c:/users/amand/.platformio/packages/toolchain-gccarmnoneeabi@1.70201.0/bin/../lib/gcc/arm-none-eabi/7.2.1/thumb/v7e-m\libgcc.a(_aeabi_ldivmod.o)
                0x08001160                __aeabi_ldivmod
 .text          0x08001200       0x30 c:/users/amand/.platformio/packages/toolchain-gccarmnoneeabi@1.70201.0/bin/../lib/gcc/arm-none-eabi/7.2.1/thumb/v7e-m\libgcc.a(_aeabi_uldivmod.o)
                0x08001200                __aeabi_uldivmod
 .text          0x08001230      0x2cc c:/users/amand/.platformio/packages/toolchain-gccarmnoneeabi@1.70201.0/bin/../lib/gcc/arm-none-eabi/7.2.1/thumb/v7e-m\libgcc.a(_udivmoddi4.o)
                0x08001230                __udivmoddi4
 .text          0x080014fc        0x4 c:/users/amand/.platformio/packages/toolchain-gccarmnoneeabi@1.70201.0/bin/../lib/gcc/arm-none-eabi/7.2.1/thumb/v7e-m\libgcc.a(_dvmd_tls.o)
                0x080014fc                __aeabi_idiv0
                0x080014fc                __aeabi_ldiv0
 .text          0x08001500       0x10 c:/users/amand/.platformio/packages/toolchain-gccarmnoneeabi@1.70201.0/bin/../lib/gcc/arm-none-eabi/7.2.1/../../../../arm-none-eabi/lib/thumb/v7e-m\libc_nano.a(lib_a-strlen.o)
                0x08001500                strlen
 .text          0x08001510       0xa0 c:/users/amand/.platformio/packages/toolchain-gccarmnoneeabi@1.70201.0/bin/../lib/gcc/arm-none-eabi/7.2.1/../../../../arm-none-eabi/lib/thumb/v7e-m\libc_nano.a(lib_a-memchr.o)
                0x08001510                memchr
 .text          0x080015b0       0x2c c:/users/amand/.platformio/packages/toolchain-gccarmnoneeabi@1.70201.0/bin/../lib/gcc/arm-none-eabi/7.2.1/thumb/v7e-m\libgcc.a(_arm_unordsf2.o)
                0x080015b0                __unordsf2
                0x080015b0                __aeabi_fcmpun
 *(.text*)
 .text.HAL_InitTick
                0x080015dc       0x4c .pio/build/blackpill_f401cc/FrameworkHALDriver/Src/stm32f4xx_hal.o
                0x080015dc                HAL_InitTick
 .text.HAL_Init
                0x08001628       0x34 .pio/build/blackpill_f401cc/FrameworkHALDriver/Src/stm32f4xx_hal.o
                0x08001628                HAL_Init
 .text.HAL_IncTick
                0x0800165c       0x18 .pio/build/blackpill_f401cc/FrameworkHALDriver/Src/stm32f4xx_hal.o
                0x0800165c                HAL_IncTick
 .text.HAL_GetTick
                0x08001674        0xc .pio/build/blackpill_f401cc/FrameworkHALDriver/Src/stm32f4xx_hal.o
                0x08001674                HAL_GetTick
 .text.HAL_Delay
                0x08001680       0x28 .pio/build/blackpill_f401cc/FrameworkHALDriver/Src/stm32f4xx_hal.o
                0x08001680                HAL_Delay
 .text.ADC_Init
                0x080016a8      0x134 .pio/build/blackpill_f401cc/FrameworkHALDriver/Src/stm32f4xx_hal_adc.o
 .text.HAL_ADC_Init
                0x080017dc       0x56 .pio/build/blackpill_f401cc/FrameworkHALDriver/Src/stm32f4xx_hal_adc.o
                0x080017dc                HAL_ADC_Init
 *fill*         0x08001832        0x2 
 .text.HAL_ADC_ConfigChannel
                0x08001834      0x190 .pio/build/blackpill_f401cc/FrameworkHALDriver/Src/stm32f4xx_hal_adc.o
                0x08001834                HAL_ADC_ConfigChannel
 .text.HAL_NVIC_SetPriorityGrouping
                0x080019c4       0x24 .pio/build/blackpill_f401cc/FrameworkHALDriver/Src/stm32f4xx_hal_cortex.o
                0x080019c4                HAL_NVIC_SetPriorityGrouping
 .text.HAL_NVIC_SetPriority
                0x080019e8       0x68 .pio/build/blackpill_f401cc/FrameworkHALDriver/Src/stm32f4xx_hal_cortex.o
                0x080019e8                HAL_NVIC_SetPriority
 .text.HAL_NVIC_EnableIRQ
                0x08001a50       0x1c .pio/build/blackpill_f401cc/FrameworkHALDriver/Src/stm32f4xx_hal_cortex.o
                0x08001a50                HAL_NVIC_EnableIRQ
 .text.HAL_SYSTICK_Config
                0x08001a6c       0x2c .pio/build/blackpill_f401cc/FrameworkHALDriver/Src/stm32f4xx_hal_cortex.o
                0x08001a6c                HAL_SYSTICK_Config
 .text.HAL_GPIO_Init
                0x08001a98      0x1b0 .pio/build/blackpill_f401cc/FrameworkHALDriver/Src/stm32f4xx_hal_gpio.o
                0x08001a98                HAL_GPIO_Init
 .text.HAL_GPIO_DeInit
                0x08001c48      0x100 .pio/build/blackpill_f401cc/FrameworkHALDriver/Src/stm32f4xx_hal_gpio.o
                0x08001c48                HAL_GPIO_DeInit
 .text.HAL_GPIO_WritePin
                0x08001d48        0xc .pio/build/blackpill_f401cc/FrameworkHALDriver/Src/stm32f4xx_hal_gpio.o
                0x08001d48                HAL_GPIO_WritePin
 .text.HAL_GPIO_TogglePin
                0x08001d54       0x12 .pio/build/blackpill_f401cc/FrameworkHALDriver/Src/stm32f4xx_hal_gpio.o
                0x08001d54                HAL_GPIO_TogglePin
 .text.I2C_IsAcknowledgeFailed
                0x08001d66       0x32 .pio/build/blackpill_f401cc/FrameworkHALDriver/Src/stm32f4xx_hal_i2c.o
 .text.I2C_WaitOnFlagUntilTimeout
                0x08001d98       0xa4 .pio/build/blackpill_f401cc/FrameworkHALDriver/Src/stm32f4xx_hal_i2c.o
 .text.I2C_WaitOnMasterAddressFlagUntilTimeout
                0x08001e3c       0xd4 .pio/build/blackpill_f401cc/FrameworkHALDriver/Src/stm32f4xx_hal_i2c.o
 .text.I2C_WaitOnTXEFlagUntilTimeout
                0x08001f10       0x5e .pio/build/blackpill_f401cc/FrameworkHALDriver/Src/stm32f4xx_hal_i2c.o
 *fill*         0x08001f6e        0x2 
 .text.I2C_RequestMemoryWrite
                0x08001f70       0xdc .pio/build/blackpill_f401cc/FrameworkHALDriver/Src/stm32f4xx_hal_i2c.o
 .text.I2C_RequestMemoryRead
                0x0800204c      0x160 .pio/build/blackpill_f401cc/FrameworkHALDriver/Src/stm32f4xx_hal_i2c.o
 .text.I2C_WaitOnBTFFlagUntilTimeout
                0x080021ac       0x5e .pio/build/blackpill_f401cc/FrameworkHALDriver/Src/stm32f4xx_hal_i2c.o
 .text.I2C_WaitOnRXNEFlagUntilTimeout
                0x0800220a       0x78 .pio/build/blackpill_f401cc/FrameworkHALDriver/Src/stm32f4xx_hal_i2c.o
 *fill*         0x08002282        0x2 
 .text.HAL_I2C_Init
                0x08002284      0x1b4 .pio/build/blackpill_f401cc/FrameworkHALDriver/Src/stm32f4xx_hal_i2c.o
                0x08002284                HAL_I2C_Init
 .text.HAL_I2C_Mem_Write
                0x08002438      0x168 .pio/build/blackpill_f401cc/FrameworkHALDriver/Src/stm32f4xx_hal_i2c.o
                0x08002438                HAL_I2C_Mem_Write
 .text.HAL_I2C_Mem_Read
                0x080025a0      0x2e8 .pio/build/blackpill_f401cc/FrameworkHALDriver/Src/stm32f4xx_hal_i2c.o
                0x080025a0                HAL_I2C_Mem_Read
 .text.PCD_WriteEmptyTxFifo
                0x08002888       0xd4 .pio/build/blackpill_f401cc/FrameworkHALDriver/Src/stm32f4xx_hal_pcd.o
 .text.HAL_PCD_Init
                0x0800295c       0xfe .pio/build/blackpill_f401cc/FrameworkHALDriver/Src/stm32f4xx_hal_pcd.o
                0x0800295c                HAL_PCD_Init
 .text.HAL_PCD_Start
                0x08002a5a       0x44 .pio/build/blackpill_f401cc/FrameworkHALDriver/Src/stm32f4xx_hal_pcd.o
                0x08002a5a                HAL_PCD_Start
 *fill*         0x08002a9e        0x2 
 .text.PCD_EP_OutXfrComplete_int
                0x08002aa0      0x104 .pio/build/blackpill_f401cc/FrameworkHALDriver/Src/stm32f4xx_hal_pcd.o
 .text.PCD_EP_OutSetupPacket_int
                0x08002ba4       0x50 .pio/build/blackpill_f401cc/FrameworkHALDriver/Src/stm32f4xx_hal_pcd.o
 .text.HAL_PCD_SetAddress
                0x08002bf4       0x26 .pio/build/blackpill_f401cc/FrameworkHALDriver/Src/stm32f4xx_hal_pcd.o
                0x08002bf4                HAL_PCD_SetAddress
 .text.HAL_PCD_EP_Open
                0x08002c1a       0x84 .pio/build/blackpill_f401cc/FrameworkHALDriver/Src/stm32f4xx_hal_pcd.o
                0x08002c1a                HAL_PCD_EP_Open
 .text.HAL_PCD_EP_Close
                0x08002c9e       0x6c .pio/build/blackpill_f401cc/FrameworkHALDriver/Src/stm32f4xx_hal_pcd.o
                0x08002c9e                HAL_PCD_EP_Close
 .text.HAL_PCD_EP_Receive
                0x08002d0a       0x4e .pio/build/blackpill_f401cc/FrameworkHALDriver/Src/stm32f4xx_hal_pcd.o
                0x08002d0a                HAL_PCD_EP_Receive
 .text.HAL_PCD_EP_GetRxCount
                0x08002d58       0x12 .pio/build/blackpill_f401cc/FrameworkHALDriver/Src/stm32f4xx_hal_pcd.o
                0x08002d58                HAL_PCD_EP_GetRxCount
 .text.HAL_PCD_EP_Transmit
                0x08002d6a       0x42 .pio/build/blackpill_f401cc/FrameworkHALDriver/Src/stm32f4xx_hal_pcd.o
                0x08002d6a                HAL_PCD_EP_Transmit
 .text.HAL_PCD_EP_SetStall
                0x08002dac       0x80 .pio/build/blackpill_f401cc/FrameworkHALDriver/Src/stm32f4xx_hal_pcd.o
                0x08002dac                HAL_PCD_EP_SetStall
 .text.HAL_PCD_EP_ClrStall
                0x08002e2c       0x6c .pio/build/blackpill_f401cc/FrameworkHALDriver/Src/stm32f4xx_hal_pcd.o
                0x08002e2c                HAL_PCD_EP_ClrStall
 .text.HAL_PCD_EP_Abort
                0x08002e98       0x36 .pio/build/blackpill_f401cc/FrameworkHALDriver/Src/stm32f4xx_hal_pcd.o
                0x08002e98                HAL_PCD_EP_Abort
 .text.HAL_PCD_IRQHandler
                0x08002ece      0x5e4 .pio/build/blackpill_f401cc/FrameworkHALDriver/Src/stm32f4xx_hal_pcd.o
                0x08002ece                HAL_PCD_IRQHandler
 .text.HAL_PCDEx_SetTxFiFo
                0x080034b2       0x48 .pio/build/blackpill_f401cc/FrameworkHALDriver/Src/stm32f4xx_hal_pcd_ex.o
                0x080034b2                HAL_PCDEx_SetTxFiFo
 .text.HAL_PCDEx_SetRxFiFo
                0x080034fa        0x8 .pio/build/blackpill_f401cc/FrameworkHALDriver/Src/stm32f4xx_hal_pcd_ex.o
                0x080034fa                HAL_PCDEx_SetRxFiFo
 .text.HAL_PCDEx_LPM_Callback
                0x08003502        0x2 .pio/build/blackpill_f401cc/FrameworkHALDriver/Src/stm32f4xx_hal_pcd_ex.o
                0x08003502                HAL_PCDEx_LPM_Callback
 .text.HAL_RCC_OscConfig
                0x08003504      0x3f8 .pio/build/blackpill_f401cc/FrameworkHALDriver/Src/stm32f4xx_hal_rcc.o
                0x08003504                HAL_RCC_OscConfig
 .text.HAL_RCC_GetSysClockFreq
                0x080038fc       0xa8 .pio/build/blackpill_f401cc/FrameworkHALDriver/Src/stm32f4xx_hal_rcc.o
                0x080038fc                HAL_RCC_GetSysClockFreq
 .text.HAL_RCC_ClockConfig
                0x080039a4      0x160 .pio/build/blackpill_f401cc/FrameworkHALDriver/Src/stm32f4xx_hal_rcc.o
                0x080039a4                HAL_RCC_ClockConfig
 .text.HAL_RCC_GetHCLKFreq
                0x08003b04        0xc .pio/build/blackpill_f401cc/FrameworkHALDriver/Src/stm32f4xx_hal_rcc.o
                0x08003b04                HAL_RCC_GetHCLKFreq
 .text.HAL_RCC_GetPCLK1Freq
                0x08003b10       0x20 .pio/build/blackpill_f401cc/FrameworkHALDriver/Src/stm32f4xx_hal_rcc.o
                0x08003b10                HAL_RCC_GetPCLK1Freq
 .text.HAL_RCC_GetPCLK2Freq
                0x08003b30       0x20 .pio/build/blackpill_f401cc/FrameworkHALDriver/Src/stm32f4xx_hal_rcc.o
                0x08003b30                HAL_RCC_GetPCLK2Freq
 .text.TIM_OC1_SetConfig
                0x08003b50       0x5c .pio/build/blackpill_f401cc/FrameworkHALDriver/Src/stm32f4xx_hal_tim.o
 .text.TIM_OC3_SetConfig
                0x08003bac       0x64 .pio/build/blackpill_f401cc/FrameworkHALDriver/Src/stm32f4xx_hal_tim.o
 .text.TIM_OC4_SetConfig
                0x08003c10       0x48 .pio/build/blackpill_f401cc/FrameworkHALDriver/Src/stm32f4xx_hal_tim.o
 .text.HAL_TIM_Base_Start_IT
                0x08003c58       0x78 .pio/build/blackpill_f401cc/FrameworkHALDriver/Src/stm32f4xx_hal_tim.o
                0x08003c58                HAL_TIM_Base_Start_IT
 .text.HAL_TIM_OC_DelayElapsedCallback
                0x08003cd0        0x2 .pio/build/blackpill_f401cc/FrameworkHALDriver/Src/stm32f4xx_hal_tim.o
                0x08003cd0                HAL_TIM_OC_DelayElapsedCallback
 .text.HAL_TIM_IC_CaptureCallback
                0x08003cd2        0x2 .pio/build/blackpill_f401cc/FrameworkHALDriver/Src/stm32f4xx_hal_tim.o
                0x08003cd2                HAL_TIM_IC_CaptureCallback
 .text.HAL_TIM_PWM_PulseFinishedCallback
                0x08003cd4        0x2 .pio/build/blackpill_f401cc/FrameworkHALDriver/Src/stm32f4xx_hal_tim.o
                0x08003cd4                HAL_TIM_PWM_PulseFinishedCallback
 .text.HAL_TIM_TriggerCallback
                0x08003cd6        0x2 .pio/build/blackpill_f401cc/FrameworkHALDriver/Src/stm32f4xx_hal_tim.o
                0x08003cd6                HAL_TIM_TriggerCallback
 .text.HAL_TIM_IRQHandler
                0x08003cd8      0x15e .pio/build/blackpill_f401cc/FrameworkHALDriver/Src/stm32f4xx_hal_tim.o
                0x08003cd8                HAL_TIM_IRQHandler
 *fill*         0x08003e36        0x2 
 .text.TIM_Base_SetConfig
                0x08003e38       0xac .pio/build/blackpill_f401cc/FrameworkHALDriver/Src/stm32f4xx_hal_tim.o
                0x08003e38                TIM_Base_SetConfig
 .text.HAL_TIM_Base_Init
                0x08003ee4       0x56 .pio/build/blackpill_f401cc/FrameworkHALDriver/Src/stm32f4xx_hal_tim.o
                0x08003ee4                HAL_TIM_Base_Init
 .text.HAL_TIM_PWM_Init
                0x08003f3a       0x56 .pio/build/blackpill_f401cc/FrameworkHALDriver/Src/stm32f4xx_hal_tim.o
                0x08003f3a                HAL_TIM_PWM_Init
 .text.HAL_TIM_Encoder_Init
                0x08003f90       0xb0 .pio/build/blackpill_f401cc/FrameworkHALDriver/Src/stm32f4xx_hal_tim.o
                0x08003f90                HAL_TIM_Encoder_Init
 .text.TIM_OC2_SetConfig
                0x08004040       0x64 .pio/build/blackpill_f401cc/FrameworkHALDriver/Src/stm32f4xx_hal_tim.o
                0x08004040                TIM_OC2_SetConfig
 .text.HAL_TIM_PWM_ConfigChannel
                0x080040a4       0xdc .pio/build/blackpill_f401cc/FrameworkHALDriver/Src/stm32f4xx_hal_tim.o
                0x080040a4                HAL_TIM_PWM_ConfigChannel
 .text.TIM_CCxChannelCmd
                0x08004180       0x20 .pio/build/blackpill_f401cc/FrameworkHALDriver/Src/stm32f4xx_hal_tim.o
                0x08004180                TIM_CCxChannelCmd
 .text.HAL_TIM_PWM_Start
                0x080041a0       0xf8 .pio/build/blackpill_f401cc/FrameworkHALDriver/Src/stm32f4xx_hal_tim.o
                0x080041a0                HAL_TIM_PWM_Start
 .text.HAL_TIM_Encoder_Start
                0x08004298       0xce .pio/build/blackpill_f401cc/FrameworkHALDriver/Src/stm32f4xx_hal_tim.o
                0x08004298                HAL_TIM_Encoder_Start
 .text.HAL_TIMEx_CommutCallback
                0x08004366        0x2 .pio/build/blackpill_f401cc/FrameworkHALDriver/Src/stm32f4xx_hal_tim_ex.o
                0x08004366                HAL_TIMEx_CommutCallback
 .text.HAL_TIMEx_BreakCallback
                0x08004368        0x2 .pio/build/blackpill_f401cc/FrameworkHALDriver/Src/stm32f4xx_hal_tim_ex.o
                0x08004368                HAL_TIMEx_BreakCallback
 .text.UART_EndRxTransfer
                0x0800436a       0x5c .pio/build/blackpill_f401cc/FrameworkHALDriver/Src/stm32f4xx_hal_uart.o
 *fill*         0x080043c6        0x2 
 .text.UART_SetConfig
                0x080043c8      0x134 .pio/build/blackpill_f401cc/FrameworkHALDriver/Src/stm32f4xx_hal_uart.o
 .text.UART_WaitOnFlagUntilTimeout
                0x080044fc       0x80 .pio/build/blackpill_f401cc/FrameworkHALDriver/Src/stm32f4xx_hal_uart.o
 .text.HAL_UART_Init
                0x0800457c       0x60 .pio/build/blackpill_f401cc/FrameworkHALDriver/Src/stm32f4xx_hal_uart.o
                0x0800457c                HAL_UART_Init
 .text.HAL_UART_Transmit
                0x080045dc       0xce .pio/build/blackpill_f401cc/FrameworkHALDriver/Src/stm32f4xx_hal_uart.o
                0x080045dc                HAL_UART_Transmit
 .text.USB_CoreReset
                0x080046aa       0x4a .pio/build/blackpill_f401cc/FrameworkHALDriver/Src/stm32f4xx_ll_usb.o
 .text.USB_CoreInit
                0x080046f4       0x92 .pio/build/blackpill_f401cc/FrameworkHALDriver/Src/stm32f4xx_ll_usb.o
                0x080046f4                USB_CoreInit
 *fill*         0x08004786        0x2 
 .text.USB_SetTurnaroundTime
                0x08004788       0xec .pio/build/blackpill_f401cc/FrameworkHALDriver/Src/stm32f4xx_ll_usb.o
                0x08004788                USB_SetTurnaroundTime
 .text.USB_EnableGlobalInt
                0x08004874        0xc .pio/build/blackpill_f401cc/FrameworkHALDriver/Src/stm32f4xx_ll_usb.o
                0x08004874                USB_EnableGlobalInt
 .text.USB_DisableGlobalInt
                0x08004880        0xc .pio/build/blackpill_f401cc/FrameworkHALDriver/Src/stm32f4xx_ll_usb.o
                0x08004880                USB_DisableGlobalInt
 .text.USB_FlushTxFifo
                0x0800488c       0x4a .pio/build/blackpill_f401cc/FrameworkHALDriver/Src/stm32f4xx_ll_usb.o
                0x0800488c                USB_FlushTxFifo
 .text.USB_FlushRxFifo
                0x080048d6       0x46 .pio/build/blackpill_f401cc/FrameworkHALDriver/Src/stm32f4xx_ll_usb.o
                0x080048d6                USB_FlushRxFifo
 .text.USB_SetDevSpeed
                0x0800491c        0xe .pio/build/blackpill_f401cc/FrameworkHALDriver/Src/stm32f4xx_ll_usb.o
                0x0800491c                USB_SetDevSpeed
 *fill*         0x0800492a        0x2 
 .text.USB_DevInit
                0x0800492c      0x198 .pio/build/blackpill_f401cc/FrameworkHALDriver/Src/stm32f4xx_ll_usb.o
                0x0800492c                USB_DevInit
 .text.USB_GetDevSpeed
                0x08004ac4       0x22 .pio/build/blackpill_f401cc/FrameworkHALDriver/Src/stm32f4xx_ll_usb.o
                0x08004ac4                USB_GetDevSpeed
 .text.USB_ActivateEndpoint
                0x08004ae6       0x94 .pio/build/blackpill_f401cc/FrameworkHALDriver/Src/stm32f4xx_ll_usb.o
                0x08004ae6                USB_ActivateEndpoint
 *fill*         0x08004b7a        0x2 
 .text.USB_DeactivateEndpoint
                0x08004b7c       0xdc .pio/build/blackpill_f401cc/FrameworkHALDriver/Src/stm32f4xx_ll_usb.o
                0x08004b7c                USB_DeactivateEndpoint
 .text.USB_EPStopXfer
                0x08004c58       0xc0 .pio/build/blackpill_f401cc/FrameworkHALDriver/Src/stm32f4xx_ll_usb.o
                0x08004c58                USB_EPStopXfer
 .text.USB_WritePacket
                0x08004d18       0x28 .pio/build/blackpill_f401cc/FrameworkHALDriver/Src/stm32f4xx_ll_usb.o
                0x08004d18                USB_WritePacket
 .text.USB_EPStartXfer
                0x08004d40      0x248 .pio/build/blackpill_f401cc/FrameworkHALDriver/Src/stm32f4xx_ll_usb.o
                0x08004d40                USB_EPStartXfer
 .text.USB_ReadPacket
                0x08004f88       0x4e .pio/build/blackpill_f401cc/FrameworkHALDriver/Src/stm32f4xx_ll_usb.o
                0x08004f88                USB_ReadPacket
 .text.USB_EPSetStall
                0x08004fd6       0x5a .pio/build/blackpill_f401cc/FrameworkHALDriver/Src/stm32f4xx_ll_usb.o
                0x08004fd6                USB_EPSetStall
 .text.USB_EPClearStall
                0x08005030       0x5c .pio/build/blackpill_f401cc/FrameworkHALDriver/Src/stm32f4xx_ll_usb.o
                0x08005030                USB_EPClearStall
 .text.USB_SetDevAddress
                0x0800508c       0x20 .pio/build/blackpill_f401cc/FrameworkHALDriver/Src/stm32f4xx_ll_usb.o
                0x0800508c                USB_SetDevAddress
 .text.USB_DevConnect
                0x080050ac       0x1c .pio/build/blackpill_f401cc/FrameworkHALDriver/Src/stm32f4xx_ll_usb.o
                0x080050ac                USB_DevConnect
 .text.USB_DevDisconnect
                0x080050c8       0x1c .pio/build/blackpill_f401cc/FrameworkHALDriver/Src/stm32f4xx_ll_usb.o
                0x080050c8                USB_DevDisconnect
 .text.USB_ReadInterrupts
                0x080050e4        0x8 .pio/build/blackpill_f401cc/FrameworkHALDriver/Src/stm32f4xx_ll_usb.o
                0x080050e4                USB_ReadInterrupts
 .text.USB_ReadDevAllOutEpInterrupt
                0x080050ec       0x10 .pio/build/blackpill_f401cc/FrameworkHALDriver/Src/stm32f4xx_ll_usb.o
                0x080050ec                USB_ReadDevAllOutEpInterrupt
 .text.USB_ReadDevAllInEpInterrupt
                0x080050fc       0x10 .pio/build/blackpill_f401cc/FrameworkHALDriver/Src/stm32f4xx_ll_usb.o
                0x080050fc                USB_ReadDevAllInEpInterrupt
 .text.USB_ReadDevOutEPInterrupt
                0x0800510c       0x12 .pio/build/blackpill_f401cc/FrameworkHALDriver/Src/stm32f4xx_ll_usb.o
                0x0800510c                USB_ReadDevOutEPInterrupt
 .text.USB_ReadDevInEPInterrupt
                0x0800511e       0x26 .pio/build/blackpill_f401cc/FrameworkHALDriver/Src/stm32f4xx_ll_usb.o
                0x0800511e                USB_ReadDevInEPInterrupt
 .text.USB_GetMode
                0x08005144        0x8 .pio/build/blackpill_f401cc/FrameworkHALDriver/Src/stm32f4xx_ll_usb.o
                0x08005144                USB_GetMode
 .text.USB_SetCurrentMode
                0x0800514c       0x62 .pio/build/blackpill_f401cc/FrameworkHALDriver/Src/stm32f4xx_ll_usb.o
                0x0800514c                USB_SetCurrentMode
 .text.USB_ActivateSetup
                0x080051ae       0x20 .pio/build/blackpill_f401cc/FrameworkHALDriver/Src/stm32f4xx_ll_usb.o
                0x080051ae                USB_ActivateSetup
 *fill*         0x080051ce        0x2 
 .text.USB_EP0_OutStart
                0x080051d0       0x5c .pio/build/blackpill_f401cc/FrameworkHALDriver/Src/stm32f4xx_ll_usb.o
                0x080051d0                USB_EP0_OutStart
 .text._Z10mapArduinofffff
                0x0800522c       0x3c .pio/build/blackpill_f401cc/src/ArduinoWrapper.o
                0x0800522c                mapArduino(float, float, float, float, float)
 .text.print    0x08005268       0x2c .pio/build/blackpill_f401cc/src/ArduinoWrapper.o
                0x08005268                print
 .text._ZN6I2Cdev9readBytesEhhhPht
                0x08005294       0x30 .pio/build/blackpill_f401cc/src/I2Cdev.o
                0x08005294                I2Cdev::readBytes(unsigned char, unsigned char, unsigned char, unsigned char*, unsigned short)
 .text._ZN6I2Cdev8readByteEhhPht
                0x080052c4       0x14 .pio/build/blackpill_f401cc/src/I2Cdev.o
                0x080052c4                I2Cdev::readByte(unsigned char, unsigned char, unsigned char*, unsigned short)
 .text._ZN6I2Cdev8readBitsEhhhhPht
                0x080052d8       0x36 .pio/build/blackpill_f401cc/src/I2Cdev.o
                0x080052d8                I2Cdev::readBits(unsigned char, unsigned char, unsigned char, unsigned char, unsigned char*, unsigned short)
 *fill*         0x0800530e        0x2 
 .text._ZN6I2Cdev9readWordsEhhhPtt
                0x08005310       0x68 .pio/build/blackpill_f401cc/src/I2Cdev.o
                0x08005310                I2Cdev::readWords(unsigned char, unsigned char, unsigned char, unsigned short*, unsigned short)
 .text._ZN6I2Cdev10writeBytesEhhhPh
                0x08005378       0x34 .pio/build/blackpill_f401cc/src/I2Cdev.o
                0x08005378                I2Cdev::writeBytes(unsigned char, unsigned char, unsigned char, unsigned char*)
 .text._ZN6I2Cdev9writeByteEhhh
                0x080053ac       0x16 .pio/build/blackpill_f401cc/src/I2Cdev.o
                0x080053ac                I2Cdev::writeByte(unsigned char, unsigned char, unsigned char)
 *fill*         0x080053c2        0x2 
 .text._ZN6I2Cdev8writeBitEhhhh
                0x080053c4       0x4c .pio/build/blackpill_f401cc/src/I2Cdev.o
                0x080053c4                I2Cdev::writeBit(unsigned char, unsigned char, unsigned char, unsigned char)
 .text._ZN6I2Cdev9writeBitsEhhhhh
                0x08005410       0x54 .pio/build/blackpill_f401cc/src/I2Cdev.o
                0x08005410                I2Cdev::writeBits(unsigned char, unsigned char, unsigned char, unsigned char, unsigned char)
 .text._ZN6I2Cdev10writeWordsEhhhPt
                0x08005464       0x74 .pio/build/blackpill_f401cc/src/I2Cdev.o
                0x08005464                I2Cdev::writeWords(unsigned char, unsigned char, unsigned char, unsigned short*)
 .text._ZN6I2Cdev9writeWordEhht
                0x080054d8       0x16 .pio/build/blackpill_f401cc/src/I2Cdev.o
                0x080054d8                I2Cdev::writeWord(unsigned char, unsigned char, unsigned short)
 .text._ZN7MPU6050C2Eh
                0x080054ee        0x4 .pio/build/blackpill_f401cc/src/MPU6050/MPU6050.o
                0x080054ee                MPU6050::MPU6050(unsigned char)
                0x080054ee                MPU6050::MPU6050(unsigned char)
 .text._ZN7MPU605021setFullScaleGyroRangeEh
                0x080054f2       0x18 .pio/build/blackpill_f401cc/src/MPU6050/MPU6050.o
                0x080054f2                MPU6050::setFullScaleGyroRange(unsigned char)
 .text._ZN7MPU605022setFullScaleAccelRangeEh
                0x0800550a       0x18 .pio/build/blackpill_f401cc/src/MPU6050/MPU6050.o
                0x0800550a                MPU6050::setFullScaleAccelRange(unsigned char)
 .text._ZN7MPU60509resetFIFOEv
                0x08005522       0x10 .pio/build/blackpill_f401cc/src/MPU6050/MPU6050.o
                0x08005522                MPU6050::resetFIFO()
 .text._ZN7MPU605015setSleepEnabledEb
                0x08005532       0x10 .pio/build/blackpill_f401cc/src/MPU6050/MPU6050.o
                0x08005532                MPU6050::setSleepEnabled(bool)
 .text._ZN7MPU605014setClockSourceEh
                0x08005542       0x18 .pio/build/blackpill_f401cc/src/MPU6050/MPU6050.o
                0x08005542                MPU6050::setClockSource(unsigned char)
 .text._ZN7MPU605010initializeEv
                0x0800555a       0x24 .pio/build/blackpill_f401cc/src/MPU6050/MPU6050.o
                0x0800555a                MPU6050::initialize()
 *fill*         0x0800557e        0x2 
 .text._ZN7MPU605012getFIFOCountEv
                0x08005580       0x28 .pio/build/blackpill_f401cc/src/MPU6050/MPU6050.o
                0x08005580                MPU6050::getFIFOCount()
 .text._ZN7MPU605012getFIFOBytesEPhh
                0x080055a8       0x28 .pio/build/blackpill_f401cc/src/MPU6050/MPU6050.o
                0x080055a8                MPU6050::getFIFOBytes(unsigned char*, unsigned char)
 .text._ZN7MPU605020GetCurrentFIFOPacketEPhh
                0x080055d0       0xb4 .pio/build/blackpill_f401cc/src/MPU6050/MPU6050.o
                0x080055d0                MPU6050::GetCurrentFIFOPacket(unsigned char*, unsigned char)
 .text._ZN7MPU605011getDeviceIDEv
                0x08005684       0x28 .pio/build/blackpill_f401cc/src/MPU6050/MPU6050.o
                0x08005684                MPU6050::getDeviceID()
 .text._ZN7MPU605014testConnectionEv
                0x080056ac       0x10 .pio/build/blackpill_f401cc/src/MPU6050/MPU6050.o
                0x080056ac                MPU6050::testConnection()
 .text._ZN7MPU605015setXAccelOffsetEs
                0x080056bc       0x1e .pio/build/blackpill_f401cc/src/MPU6050/MPU6050.o
                0x080056bc                MPU6050::setXAccelOffset(short)
 .text._ZN7MPU605015setYAccelOffsetEs
                0x080056da       0x1e .pio/build/blackpill_f401cc/src/MPU6050/MPU6050.o
                0x080056da                MPU6050::setYAccelOffset(short)
 .text._ZN7MPU605015setZAccelOffsetEs
                0x080056f8       0x1e .pio/build/blackpill_f401cc/src/MPU6050/MPU6050.o
                0x080056f8                MPU6050::setZAccelOffset(short)
 .text._ZN7MPU605014setXGyroOffsetEs
                0x08005716        0xe .pio/build/blackpill_f401cc/src/MPU6050/MPU6050.o
                0x08005716                MPU6050::setXGyroOffset(short)
 .text._ZN7MPU605014setYGyroOffsetEs
                0x08005724        0xe .pio/build/blackpill_f401cc/src/MPU6050/MPU6050.o
                0x08005724                MPU6050::setYGyroOffset(short)
 .text._ZN7MPU605014setZGyroOffsetEs
                0x08005732        0xe .pio/build/blackpill_f401cc/src/MPU6050/MPU6050.o
                0x08005732                MPU6050::setZGyroOffset(short)
 .text._ZN7MPU605013setDMPEnabledEb
                0x08005740       0x10 .pio/build/blackpill_f401cc/src/MPU6050/MPU6050.o
                0x08005740                MPU6050::setDMPEnabled(bool)
 .text._ZN7MPU60508resetDMPEv
                0x08005750       0x10 .pio/build/blackpill_f401cc/src/MPU6050/MPU6050.o
                0x08005750                MPU6050::resetDMP()
 .text._ZN7MPU605013setMemoryBankEhbb
                0x08005760       0x1e .pio/build/blackpill_f401cc/src/MPU6050/MPU6050.o
                0x08005760                MPU6050::setMemoryBank(unsigned char, bool, bool)
 .text._ZN7MPU605021setMemoryStartAddressEh
                0x0800577e        0xe .pio/build/blackpill_f401cc/src/MPU6050/MPU6050.o
                0x0800577e                MPU6050::setMemoryStartAddress(unsigned char)
 .text._ZN7MPU605016writeMemoryBlockEPKhthhbb
                0x0800578c      0x158 .pio/build/blackpill_f401cc/src/MPU6050/MPU6050.o
                0x0800578c                MPU6050::writeMemoryBlock(unsigned char const*, unsigned short, unsigned char, unsigned char, bool, bool)
 .text._ZN7MPU605020writeProgMemoryBlockEPKhthhb
                0x080058e4       0x1c .pio/build/blackpill_f401cc/src/MPU6050/MPU6050.o
                0x080058e4                MPU6050::writeProgMemoryBlock(unsigned char const*, unsigned short, unsigned char, unsigned char, bool)
 .text._ZN7MPU60503PIDEhffh
                0x08005900      0x340 .pio/build/blackpill_f401cc/src/MPU6050/MPU6050.o
                0x08005900                MPU6050::PID(unsigned char, float, float, unsigned char)
 .text._ZN7MPU605013CalibrateGyroEh
                0x08005c40       0xa0 .pio/build/blackpill_f401cc/src/MPU6050/MPU6050.o
                0x08005c40                MPU6050::CalibrateGyro(unsigned char)
 .text._ZN7MPU605014CalibrateAccelEh
                0x08005ce0       0x80 .pio/build/blackpill_f401cc/src/MPU6050/MPU6050.o
                0x08005ce0                MPU6050::CalibrateAccel(unsigned char)
 .text._ZN7MPU605018PrintActiveOffsetsEv
                0x08005d60       0xcc .pio/build/blackpill_f401cc/src/MPU6050/MPU6050.o
                0x08005d60                MPU6050::PrintActiveOffsets()
 .text.MX_USB_DEVICE_Init
                0x08005e2c       0x54 .pio/build/blackpill_f401cc/src/USB_DEVICE/usb_device.o
                0x08005e2c                MX_USB_DEVICE_Init
 .text.CDC_DeInit_FS
                0x08005e80        0x4 .pio/build/blackpill_f401cc/src/USB_DEVICE/usbd_cdc_if.o
 .text.CDC_Control_FS
                0x08005e84        0x4 .pio/build/blackpill_f401cc/src/USB_DEVICE/usbd_cdc_if.o
 .text.CDC_TransmitCplt_FS
                0x08005e88       0x14 .pio/build/blackpill_f401cc/src/USB_DEVICE/usbd_cdc_if.o
 .text.CDC_Receive_FS
                0x08005e9c       0x1c .pio/build/blackpill_f401cc/src/USB_DEVICE/usbd_cdc_if.o
 .text.CDC_Init_FS
                0x08005eb8       0x28 .pio/build/blackpill_f401cc/src/USB_DEVICE/usbd_cdc_if.o
 .text.CDC_Transmit_FS
                0x08005ee0       0x2c .pio/build/blackpill_f401cc/src/USB_DEVICE/usbd_cdc_if.o
                0x08005ee0                CDC_Transmit_FS
 .text.HAL_PCD_MspInit
                0x08005f0c       0x84 .pio/build/blackpill_f401cc/src/USB_DEVICE/usbd_conf.o
                0x08005f0c                HAL_PCD_MspInit
 .text.HAL_PCD_SetupStageCallback
                0x08005f90       0x10 .pio/build/blackpill_f401cc/src/USB_DEVICE/usbd_conf.o
                0x08005f90                HAL_PCD_SetupStageCallback
 .text.HAL_PCD_DataOutStageCallback
                0x08005fa0       0x18 .pio/build/blackpill_f401cc/src/USB_DEVICE/usbd_conf.o
                0x08005fa0                HAL_PCD_DataOutStageCallback
 .text.HAL_PCD_DataInStageCallback
                0x08005fb8       0x16 .pio/build/blackpill_f401cc/src/USB_DEVICE/usbd_conf.o
                0x08005fb8                HAL_PCD_DataInStageCallback
 .text.HAL_PCD_SOFCallback
                0x08005fce        0xc .pio/build/blackpill_f401cc/src/USB_DEVICE/usbd_conf.o
                0x08005fce                HAL_PCD_SOFCallback
 .text.HAL_PCD_ResetCallback
                0x08005fda       0x22 .pio/build/blackpill_f401cc/src/USB_DEVICE/usbd_conf.o
                0x08005fda                HAL_PCD_ResetCallback
 .text.HAL_PCD_SuspendCallback
                0x08005ffc       0x30 .pio/build/blackpill_f401cc/src/USB_DEVICE/usbd_conf.o
                0x08005ffc                HAL_PCD_SuspendCallback
 .text.HAL_PCD_ResumeCallback
                0x0800602c        0xc .pio/build/blackpill_f401cc/src/USB_DEVICE/usbd_conf.o
                0x0800602c                HAL_PCD_ResumeCallback
 .text.HAL_PCD_ISOOUTIncompleteCallback
                0x08006038        0xc .pio/build/blackpill_f401cc/src/USB_DEVICE/usbd_conf.o
                0x08006038                HAL_PCD_ISOOUTIncompleteCallback
 .text.HAL_PCD_ISOINIncompleteCallback
                0x08006044        0xc .pio/build/blackpill_f401cc/src/USB_DEVICE/usbd_conf.o
                0x08006044                HAL_PCD_ISOINIncompleteCallback
 .text.HAL_PCD_ConnectCallback
                0x08006050        0xc .pio/build/blackpill_f401cc/src/USB_DEVICE/usbd_conf.o
                0x08006050                HAL_PCD_ConnectCallback
 .text.HAL_PCD_DisconnectCallback
                0x0800605c        0xc .pio/build/blackpill_f401cc/src/USB_DEVICE/usbd_conf.o
                0x0800605c                HAL_PCD_DisconnectCallback
 .text.USBD_LL_Init
                0x08006068       0x68 .pio/build/blackpill_f401cc/src/USB_DEVICE/usbd_conf.o
                0x08006068                USBD_LL_Init
 .text.USBD_LL_IsStallEP
                0x080060d0       0x2c .pio/build/blackpill_f401cc/src/USB_DEVICE/usbd_conf.o
                0x080060d0                USBD_LL_IsStallEP
 .text.USBD_LL_GetRxDataSize
                0x080060fc        0xc .pio/build/blackpill_f401cc/src/USB_DEVICE/usbd_conf.o
                0x080060fc                USBD_LL_GetRxDataSize
 .text.USBD_static_malloc
                0x08006108        0x8 .pio/build/blackpill_f401cc/src/USB_DEVICE/usbd_conf.o
                0x08006108                USBD_static_malloc
 .text.USBD_static_free
                0x08006110        0x2 .pio/build/blackpill_f401cc/src/USB_DEVICE/usbd_conf.o
                0x08006110                USBD_static_free
 .text.USBD_Get_USB_Status
                0x08006112       0x12 .pio/build/blackpill_f401cc/src/USB_DEVICE/usbd_conf.o
                0x08006112                USBD_Get_USB_Status
 .text.USBD_LL_Start
                0x08006124       0x10 .pio/build/blackpill_f401cc/src/USB_DEVICE/usbd_conf.o
                0x08006124                USBD_LL_Start
 .text.USBD_LL_OpenEP
                0x08006134       0x16 .pio/build/blackpill_f401cc/src/USB_DEVICE/usbd_conf.o
                0x08006134                USBD_LL_OpenEP
 .text.USBD_LL_CloseEP
                0x0800614a       0x10 .pio/build/blackpill_f401cc/src/USB_DEVICE/usbd_conf.o
                0x0800614a                USBD_LL_CloseEP
 .text.USBD_LL_StallEP
                0x0800615a       0x10 .pio/build/blackpill_f401cc/src/USB_DEVICE/usbd_conf.o
                0x0800615a                USBD_LL_StallEP
 .text.USBD_LL_ClearStallEP
                0x0800616a       0x10 .pio/build/blackpill_f401cc/src/USB_DEVICE/usbd_conf.o
                0x0800616a                USBD_LL_ClearStallEP
 .text.USBD_LL_SetUSBAddress
                0x0800617a       0x10 .pio/build/blackpill_f401cc/src/USB_DEVICE/usbd_conf.o
                0x0800617a                USBD_LL_SetUSBAddress
 .text.USBD_LL_Transmit
                0x0800618a       0x10 .pio/build/blackpill_f401cc/src/USB_DEVICE/usbd_conf.o
                0x0800618a                USBD_LL_Transmit
 .text.USBD_LL_PrepareReceive
                0x0800619a       0x10 .pio/build/blackpill_f401cc/src/USB_DEVICE/usbd_conf.o
                0x0800619a                USBD_LL_PrepareReceive
 *fill*         0x080061aa        0x2 
 .text.USBD_FS_DeviceDescriptor
                0x080061ac        0xc .pio/build/blackpill_f401cc/src/USB_DEVICE/usbd_desc.o
                0x080061ac                USBD_FS_DeviceDescriptor
 .text.USBD_FS_LangIDStrDescriptor
                0x080061b8        0xc .pio/build/blackpill_f401cc/src/USB_DEVICE/usbd_desc.o
                0x080061b8                USBD_FS_LangIDStrDescriptor
 .text.IntToUnicode
                0x080061c4       0x36 .pio/build/blackpill_f401cc/src/USB_DEVICE/usbd_desc.o
 *fill*         0x080061fa        0x2 
 .text.Get_SerialNum
                0x080061fc       0x24 .pio/build/blackpill_f401cc/src/USB_DEVICE/usbd_desc.o
 .text.USBD_FS_SerialStrDescriptor
                0x08006220       0x14 .pio/build/blackpill_f401cc/src/USB_DEVICE/usbd_desc.o
                0x08006220                USBD_FS_SerialStrDescriptor
 .text.USBD_FS_ProductStrDescriptor
                0x08006234       0x24 .pio/build/blackpill_f401cc/src/USB_DEVICE/usbd_desc.o
                0x08006234                USBD_FS_ProductStrDescriptor
 .text.USBD_FS_ManufacturerStrDescriptor
                0x08006258       0x1c .pio/build/blackpill_f401cc/src/USB_DEVICE/usbd_desc.o
                0x08006258                USBD_FS_ManufacturerStrDescriptor
 .text.USBD_FS_ConfigStrDescriptor
                0x08006274       0x24 .pio/build/blackpill_f401cc/src/USB_DEVICE/usbd_desc.o
                0x08006274                USBD_FS_ConfigStrDescriptor
 .text.USBD_FS_InterfaceStrDescriptor
                0x08006298       0x24 .pio/build/blackpill_f401cc/src/USB_DEVICE/usbd_desc.o
                0x08006298                USBD_FS_InterfaceStrDescriptor
 .text.SystemClock_Config
                0x080062bc       0xac .pio/build/blackpill_f401cc/src/init.o
                0x080062bc                SystemClock_Config
 .text.MX_GPIO_Init
                0x08006368      0x144 .pio/build/blackpill_f401cc/src/init.o
                0x08006368                MX_GPIO_Init
 .text.MX_ADC1_Init
                0x080064ac       0x6c .pio/build/blackpill_f401cc/src/init.o
                0x080064ac                MX_ADC1_Init
 .text.MX_I2C1_Init
                0x08006518       0x3c .pio/build/blackpill_f401cc/src/init.o
                0x08006518                MX_I2C1_Init
 .text.MX_USART1_UART_Init
                0x08006554       0x34 .pio/build/blackpill_f401cc/src/init.o
                0x08006554                MX_USART1_UART_Init
 .text.MX_TIM2_Init
                0x08006588       0xa8 .pio/build/blackpill_f401cc/src/init.o
                0x08006588                MX_TIM2_Init
 .text.MX_TIM3_Init
                0x08006630       0xa8 .pio/build/blackpill_f401cc/src/init.o
                0x08006630                MX_TIM3_Init
 .text.MX_TIM9_Init
                0x080066d8       0xa8 .pio/build/blackpill_f401cc/src/init.o
                0x080066d8                MX_TIM9_Init
 .text.MX_TIM5_Init
                0x08006780       0xa8 .pio/build/blackpill_f401cc/src/init.o
                0x08006780                MX_TIM5_Init
 .text.MX_TIM4_Init
                0x08006828       0x60 .pio/build/blackpill_f401cc/src/init.o
                0x08006828                MX_TIM4_Init
 .text._ZL14encoder_updatev
                0x08006888       0x68 .pio/build/blackpill_f401cc/src/lqr_controller.o
 .text._ZL13mpu_calibratev
                0x080068f0       0x78 .pio/build/blackpill_f401cc/src/lqr_controller.o
 .text._ZL8mpu_readPlS_S_S_S_S_
                0x08006968      0x128 .pio/build/blackpill_f401cc/src/lqr_controller.o
 .text._ZL8mpu_initv
                0x08006a90       0xac .pio/build/blackpill_f401cc/src/lqr_controller.o
 .text._ZL11motor_pararv
                0x08006b3c       0x2c .pio/build/blackpill_f401cc/src/lqr_controller.o
 .text._ZL12motor2_pararv
                0x08006b68       0x30 .pio/build/blackpill_f401cc/src/lqr_controller.o
 .text._ZL9motor_sets
                0x08006b98       0x74 .pio/build/blackpill_f401cc/src/lqr_controller.o
 .text._ZL10motor2_sets
                0x08006c0c       0x7c .pio/build/blackpill_f401cc/src/lqr_controller.o
 .text._ZL12controle_lqrv
                0x08006c88      0x198 .pio/build/blackpill_f401cc/src/lqr_controller.o
 .text._ZL19filtro_complementarllll
                0x08006e20      0x148 .pio/build/blackpill_f401cc/src/lqr_controller.o
 .text._ZL11debug_printv
                0x08006f68       0xc8 .pio/build/blackpill_f401cc/src/lqr_controller.o
 .text.lqr_init
                0x08007030       0xc8 .pio/build/blackpill_f401cc/src/lqr_controller.o
                0x08007030                lqr_init
 .text.lqr_loop
                0x080070f8       0x68 .pio/build/blackpill_f401cc/src/lqr_controller.o
                0x080070f8                lqr_loop
 .text.lqr_get_theta
                0x08007160        0xc .pio/build/blackpill_f401cc/src/lqr_controller.o
                0x08007160                lqr_get_theta
 .text.lqr_get_u
                0x0800716c        0xc .pio/build/blackpill_f401cc/src/lqr_controller.o
                0x0800716c                lqr_get_u
 .text._Z41__static_initialization_and_destruction_0ii
                0x08007178       0x40 .pio/build/blackpill_f401cc/src/main.o
 .text._ZN7MPU605013dmpInitializeEv
                0x080071b8      0x148 .pio/build/blackpill_f401cc/src/main.o
                0x080071b8                MPU6050::dmpInitialize()
 .text._ZN7MPU605016dmpGetQuaternionEPsPKh
                0x08007300       0x34 .pio/build/blackpill_f401cc/src/main.o
                0x08007300                MPU6050::dmpGetQuaternion(short*, unsigned char const*)
 .text._ZN7MPU605016dmpGetQuaternionEP10QuaternionPKh
                0x08007334       0x5e .pio/build/blackpill_f401cc/src/main.o
                0x08007334                MPU6050::dmpGetQuaternion(Quaternion*, unsigned char const*)
 .text._ZN7MPU605013dmpGetGravityEP11VectorFloatP10Quaternion
                0x08007392       0x8e .pio/build/blackpill_f401cc/src/main.o
                0x08007392                MPU6050::dmpGetGravity(VectorFloat*, Quaternion*)
 .text._ZN7MPU605018dmpGetYawPitchRollEPfP10QuaternionP11VectorFloat
                0x08007420       0xd8 .pio/build/blackpill_f401cc/src/main.o
                0x08007420                MPU6050::dmpGetYawPitchRoll(float*, Quaternion*, VectorFloat*)
 .text._ZN7MPU605020dmpGetFIFOPacketSizeEv
                0x080074f8        0x4 .pio/build/blackpill_f401cc/src/main.o
                0x080074f8                MPU6050::dmpGetFIFOPacketSize()
 .text._ZL8dmp_initv
                0x080074fc       0xfc .pio/build/blackpill_f401cc/src/main.o
 .text._ZN7MPU605023dmpGetCurrentFIFOPacketEPh
                0x080075f8        0xc .pio/build/blackpill_f401cc/src/main.o
                0x080075f8                MPU6050::dmpGetCurrentFIFOPacket(unsigned char*)
 .text.main     0x08007604      0x1d8 .pio/build/blackpill_f401cc/src/main.o
                0x08007604                main
 .text.Error_Handler
                0x080077dc       0x1c .pio/build/blackpill_f401cc/src/main.o
                0x080077dc                Error_Handler
 .text._GLOBAL__sub_I__ZN7MPU605013dmpInitializeEv
                0x080077f8        0xe .pio/build/blackpill_f401cc/src/main.o
 *fill*         0x08007806        0x2 
 .text.HAL_MspInit
                0x08007808       0x38 .pio/build/blackpill_f401cc/src/stm32f4xx_hal_msp.o
                0x08007808                HAL_MspInit
 .text.HAL_ADC_MspInit
                0x08007840       0x68 .pio/build/blackpill_f401cc/src/stm32f4xx_hal_msp.o
                0x08007840                HAL_ADC_MspInit
 .text.HAL_I2C_MspInit
                0x080078a8       0x74 .pio/build/blackpill_f401cc/src/stm32f4xx_hal_msp.o
                0x080078a8                HAL_I2C_MspInit
 .text.HAL_I2C_MspDeInit
                0x0800791c       0x38 .pio/build/blackpill_f401cc/src/stm32f4xx_hal_msp.o
                0x0800791c                HAL_I2C_MspDeInit
 .text.HAL_UART_MspInit
                0x08007954       0x74 .pio/build/blackpill_f401cc/src/stm32f4xx_hal_msp.o
                0x08007954                HAL_UART_MspInit
 .text.HAL_TIM_PWM_MspInit
                0x080079c8       0x68 .pio/build/blackpill_f401cc/src/stm32f4xx_hal_msp.o
                0x080079c8                HAL_TIM_PWM_MspInit
 .text.HAL_TIM_Encoder_MspInit
                0x08007a30       0x70 .pio/build/blackpill_f401cc/src/stm32f4xx_hal_msp.o
                0x08007a30                HAL_TIM_Encoder_MspInit
 .text.HAL_TIM_Base_MspInit
                0x08007aa0       0x40 .pio/build/blackpill_f401cc/src/stm32f4xx_hal_msp.o
                0x08007aa0                HAL_TIM_Base_MspInit
 .text.NMI_Handler
                0x08007ae0        0x2 .pio/build/blackpill_f401cc/src/stm32f4xx_it.o
                0x08007ae0                NMI_Handler
 .text.HardFault_Handler
                0x08007ae2        0x2 .pio/build/blackpill_f401cc/src/stm32f4xx_it.o
                0x08007ae2                HardFault_Handler
 .text.MemManage_Handler
                0x08007ae4        0x2 .pio/build/blackpill_f401cc/src/stm32f4xx_it.o
                0x08007ae4                MemManage_Handler
 .text.BusFault_Handler
                0x08007ae6        0x2 .pio/build/blackpill_f401cc/src/stm32f4xx_it.o
                0x08007ae6                BusFault_Handler
 .text.UsageFault_Handler
                0x08007ae8        0x2 .pio/build/blackpill_f401cc/src/stm32f4xx_it.o
                0x08007ae8                UsageFault_Handler
 .text.SVC_Handler
                0x08007aea        0x2 .pio/build/blackpill_f401cc/src/stm32f4xx_it.o
                0x08007aea                SVC_Handler
 .text.DebugMon_Handler
                0x08007aec        0x2 .pio/build/blackpill_f401cc/src/stm32f4xx_it.o
                0x08007aec                DebugMon_Handler
 .text.PendSV_Handler
                0x08007aee        0x2 .pio/build/blackpill_f401cc/src/stm32f4xx_it.o
                0x08007aee                PendSV_Handler
 .text.SysTick_Handler
                0x08007af0        0x8 .pio/build/blackpill_f401cc/src/stm32f4xx_it.o
                0x08007af0                SysTick_Handler
 .text.OTG_FS_IRQHandler
                0x08007af8       0x10 .pio/build/blackpill_f401cc/src/stm32f4xx_it.o
                0x08007af8                OTG_FS_IRQHandler
 .text.TIM4_IRQHandler
                0x08007b08       0x10 .pio/build/blackpill_f401cc/src/stm32f4xx_it.o
                0x08007b08                TIM4_IRQHandler
 .text.HAL_TIM_PeriodElapsedCallback
                0x08007b18       0x18 .pio/build/blackpill_f401cc/src/stm32f4xx_it.o
                0x08007b18                HAL_TIM_PeriodElapsedCallback
 .text.USBD_Init
                0x08007b30       0x2e .pio/build/blackpill_f401cc/libf08/libCore.a(usbd_core.o)
                0x08007b30                USBD_Init
 .text.USBD_RegisterClass
                0x08007b5e       0x34 .pio/build/blackpill_f401cc/libf08/libCore.a(usbd_core.o)
                0x08007b5e                USBD_RegisterClass
 .text.USBD_Start
                0x08007b92        0x8 .pio/build/blackpill_f401cc/libf08/libCore.a(usbd_core.o)
                0x08007b92                USBD_Start
 .text.USBD_SetClassConfig
                0x08007b9a       0x12 .pio/build/blackpill_f401cc/libf08/libCore.a(usbd_core.o)
                0x08007b9a                USBD_SetClassConfig
 .text.USBD_ClrClassConfig
                0x08007bac       0x12 .pio/build/blackpill_f401cc/libf08/libCore.a(usbd_core.o)
                0x08007bac                USBD_ClrClassConfig
 .text.USBD_LL_SetupStage
                0x08007bbe       0x58 .pio/build/blackpill_f401cc/libf08/libCore.a(usbd_core.o)
                0x08007bbe                USBD_LL_SetupStage
 .text.USBD_LL_Reset
                0x08007c16       0x64 .pio/build/blackpill_f401cc/libf08/libCore.a(usbd_core.o)
                0x08007c16                USBD_LL_Reset
 .text.USBD_LL_SetSpeed
                0x08007c7a        0x6 .pio/build/blackpill_f401cc/libf08/libCore.a(usbd_core.o)
                0x08007c7a                USBD_LL_SetSpeed
 .text.USBD_LL_Suspend
                0x08007c80       0x1e .pio/build/blackpill_f401cc/libf08/libCore.a(usbd_core.o)
                0x08007c80                USBD_LL_Suspend
 .text.USBD_LL_Resume
                0x08007c9e       0x1a .pio/build/blackpill_f401cc/libf08/libCore.a(usbd_core.o)
                0x08007c9e                USBD_LL_Resume
 .text.USBD_LL_SOF
                0x08007cb8       0x22 .pio/build/blackpill_f401cc/libf08/libCore.a(usbd_core.o)
                0x08007cb8                USBD_LL_SOF
 .text.USBD_LL_IsoINIncomplete
                0x08007cda       0x2e .pio/build/blackpill_f401cc/libf08/libCore.a(usbd_core.o)
                0x08007cda                USBD_LL_IsoINIncomplete
 .text.USBD_LL_IsoOUTIncomplete
                0x08007d08       0x2e .pio/build/blackpill_f401cc/libf08/libCore.a(usbd_core.o)
                0x08007d08                USBD_LL_IsoOUTIncomplete
 .text.USBD_LL_DevConnected
                0x08007d36        0x4 .pio/build/blackpill_f401cc/libf08/libCore.a(usbd_core.o)
                0x08007d36                USBD_LL_DevConnected
 .text.USBD_LL_DevDisconnected
                0x08007d3a       0x20 .pio/build/blackpill_f401cc/libf08/libCore.a(usbd_core.o)
                0x08007d3a                USBD_LL_DevDisconnected
 .text.USBD_CoreFindIF
                0x08007d5a        0x4 .pio/build/blackpill_f401cc/libf08/libCore.a(usbd_core.o)
                0x08007d5a                USBD_CoreFindIF
 .text.USBD_CoreFindEP
                0x08007d5e        0x4 .pio/build/blackpill_f401cc/libf08/libCore.a(usbd_core.o)
                0x08007d5e                USBD_CoreFindEP
 .text.USBD_LL_DataOutStage
                0x08007d62       0xd8 .pio/build/blackpill_f401cc/libf08/libCore.a(usbd_core.o)
                0x08007d62                USBD_LL_DataOutStage
 .text.USBD_LL_DataInStage
                0x08007e3a       0xe8 .pio/build/blackpill_f401cc/libf08/libCore.a(usbd_core.o)
                0x08007e3a                USBD_LL_DataInStage
 .text.USBD_GetNextDesc
                0x08007f22        0xe .pio/build/blackpill_f401cc/libf08/libCore.a(usbd_core.o)
                0x08007f22                USBD_GetNextDesc
 .text.USBD_GetEpDesc
                0x08007f30       0x3e .pio/build/blackpill_f401cc/libf08/libCore.a(usbd_core.o)
                0x08007f30                USBD_GetEpDesc
 .text.USBD_GetLen
                0x08007f6e       0x14 .pio/build/blackpill_f401cc/libf08/libCore.a(usbd_ctlreq.o)
 .text.USBD_ParseSetupRequest
                0x08007f82       0x28 .pio/build/blackpill_f401cc/libf08/libCore.a(usbd_ctlreq.o)
                0x08007f82                USBD_ParseSetupRequest
 .text.USBD_CtlError
                0x08007faa       0x14 .pio/build/blackpill_f401cc/libf08/libCore.a(usbd_ctlreq.o)
                0x08007faa                USBD_CtlError
 .text.USBD_GetDescriptor
                0x08007fbe      0x18a .pio/build/blackpill_f401cc/libf08/libCore.a(usbd_ctlreq.o)
 .text.USBD_SetAddress
                0x08008148       0x50 .pio/build/blackpill_f401cc/libf08/libCore.a(usbd_ctlreq.o)
 .text.USBD_SetConfig
                0x08008198       0xd0 .pio/build/blackpill_f401cc/libf08/libCore.a(usbd_ctlreq.o)
 .text.USBD_GetConfig
                0x08008268       0x40 .pio/build/blackpill_f401cc/libf08/libCore.a(usbd_ctlreq.o)
 .text.USBD_GetStatus
                0x080082a8       0x38 .pio/build/blackpill_f401cc/libf08/libCore.a(usbd_ctlreq.o)
 .text.USBD_SetFeature
                0x080082e0       0x2a .pio/build/blackpill_f401cc/libf08/libCore.a(usbd_ctlreq.o)
 .text.USBD_ClrFeature
                0x0800830a       0x26 .pio/build/blackpill_f401cc/libf08/libCore.a(usbd_ctlreq.o)
 .text.USBD_StdDevReq
                0x08008330       0x7c .pio/build/blackpill_f401cc/libf08/libCore.a(usbd_ctlreq.o)
                0x08008330                USBD_StdDevReq
 .text.USBD_StdItfReq
                0x080083ac       0x8c .pio/build/blackpill_f401cc/libf08/libCore.a(usbd_ctlreq.o)
                0x080083ac                USBD_StdItfReq
 .text.USBD_StdEPReq
                0x08008438      0x248 .pio/build/blackpill_f401cc/libf08/libCore.a(usbd_ctlreq.o)
                0x08008438                USBD_StdEPReq
 .text.USBD_GetString
                0x08008680       0x46 .pio/build/blackpill_f401cc/libf08/libCore.a(usbd_ctlreq.o)
                0x08008680                USBD_GetString
 .text.USBD_CtlSendData
                0x080086c6       0x1a .pio/build/blackpill_f401cc/libf08/libCore.a(usbd_ioreq.o)
                0x080086c6                USBD_CtlSendData
 .text.USBD_CtlContinueSendData
                0x080086e0       0x10 .pio/build/blackpill_f401cc/libf08/libCore.a(usbd_ioreq.o)
                0x080086e0                USBD_CtlContinueSendData
 .text.USBD_CtlPrepareRx
                0x080086f0       0x1e .pio/build/blackpill_f401cc/libf08/libCore.a(usbd_ioreq.o)
                0x080086f0                USBD_CtlPrepareRx
 .text.USBD_CtlContinueRx
                0x0800870e       0x10 .pio/build/blackpill_f401cc/libf08/libCore.a(usbd_ioreq.o)
                0x0800870e                USBD_CtlContinueRx
 .text.USBD_CtlSendStatus
                0x0800871e       0x16 .pio/build/blackpill_f401cc/libf08/libCore.a(usbd_ioreq.o)
                0x0800871e                USBD_CtlSendStatus
 .text.USBD_CtlReceiveStatus
                0x08008734       0x16 .pio/build/blackpill_f401cc/libf08/libCore.a(usbd_ioreq.o)
                0x08008734                USBD_CtlReceiveStatus
 .text.USBD_CDC_EP0_RxReady
                0x0800874a       0x40 .pio/build/blackpill_f401cc/liba21/libCDC.a(usbd_cdc.o)
 *fill*         0x0800878a        0x2 
 .text.USBD_CDC_GetDeviceQualifierDescriptor
                0x0800878c        0xc .pio/build/blackpill_f401cc/liba21/libCDC.a(usbd_cdc.o)
                0x0800878c                USBD_CDC_GetDeviceQualifierDescriptor
 .text.USBD_CDC_GetOtherSpeedCfgDesc
                0x08008798       0x48 .pio/build/blackpill_f401cc/liba21/libCDC.a(usbd_cdc.o)
 .text.USBD_CDC_GetFSCfgDesc
                0x080087e0       0x48 .pio/build/blackpill_f401cc/liba21/libCDC.a(usbd_cdc.o)
 .text.USBD_CDC_GetHSCfgDesc
                0x08008828       0x48 .pio/build/blackpill_f401cc/liba21/libCDC.a(usbd_cdc.o)
 .text.USBD_CDC_DataOut
                0x08008870       0x38 .pio/build/blackpill_f401cc/liba21/libCDC.a(usbd_cdc.o)
 .text.USBD_CDC_DataIn
                0x080088a8       0x7c .pio/build/blackpill_f401cc/liba21/libCDC.a(usbd_cdc.o)
 .text.USBD_CDC_Setup
                0x08008924      0x124 .pio/build/blackpill_f401cc/liba21/libCDC.a(usbd_cdc.o)
 .text.USBD_CDC_DeInit
                0x08008a48       0x64 .pio/build/blackpill_f401cc/liba21/libCDC.a(usbd_cdc.o)
 .text.USBD_CDC_Init
                0x08008aac       0xee .pio/build/blackpill_f401cc/liba21/libCDC.a(usbd_cdc.o)
 .text.USBD_CDC_RegisterInterface
                0x08008b9a       0x16 .pio/build/blackpill_f401cc/liba21/libCDC.a(usbd_cdc.o)
                0x08008b9a                USBD_CDC_RegisterInterface
 .text.USBD_CDC_SetTxBuffer
                0x08008bb0       0x1c .pio/build/blackpill_f401cc/liba21/libCDC.a(usbd_cdc.o)
                0x08008bb0                USBD_CDC_SetTxBuffer
 .text.USBD_CDC_SetRxBuffer
                0x08008bcc       0x18 .pio/build/blackpill_f401cc/liba21/libCDC.a(usbd_cdc.o)
                0x08008bcc                USBD_CDC_SetRxBuffer
 .text.USBD_CDC_TransmitPacket
                0x08008be4       0x3a .pio/build/blackpill_f401cc/liba21/libCDC.a(usbd_cdc.o)
                0x08008be4                USBD_CDC_TransmitPacket
 .text.USBD_CDC_ReceivePacket
                0x08008c1e       0x38 .pio/build/blackpill_f401cc/liba21/libCDC.a(usbd_cdc.o)
                0x08008c1e                USBD_CDC_ReceivePacket
 *fill*         0x08008c56        0x2 
 .text.Reset_Handler
                0x08008c58       0x50 .pio/build/blackpill_f401cc/libFrameworkCMSISDevice.a(startup_stm32f401xc.o)
                0x08008c58                Reset_Handler
 .text.Default_Handler
                0x08008ca8        0x2 .pio/build/blackpill_f401cc/libFrameworkCMSISDevice.a(startup_stm32f401xc.o)
                0x08008ca8                RTC_Alarm_IRQHandler
                0x08008ca8                EXTI2_IRQHandler
                0x08008ca8                SPI4_IRQHandler
                0x08008ca8                TIM1_CC_IRQHandler
                0x08008ca8                DMA2_Stream5_IRQHandler
                0x08008ca8                DMA1_Stream5_IRQHandler
                0x08008ca8                PVD_IRQHandler
                0x08008ca8                SDIO_IRQHandler
                0x08008ca8                TAMP_STAMP_IRQHandler
                0x08008ca8                EXTI3_IRQHandler
                0x08008ca8                TIM1_UP_TIM10_IRQHandler
                0x08008ca8                I2C3_ER_IRQHandler
                0x08008ca8                EXTI0_IRQHandler
                0x08008ca8                I2C2_EV_IRQHandler
                0x08008ca8                DMA1_Stream2_IRQHandler
                0x08008ca8                FPU_IRQHandler
                0x08008ca8                DMA2_Stream2_IRQHandler
                0x08008ca8                SPI1_IRQHandler
                0x08008ca8                TIM1_BRK_TIM9_IRQHandler
                0x08008ca8                DMA2_Stream3_IRQHandler
                0x08008ca8                USART6_IRQHandler
                0x08008ca8                DMA2_Stream0_IRQHandler
                0x08008ca8                I2C1_EV_IRQHandler
                0x08008ca8                DMA1_Stream6_IRQHandler
                0x08008ca8                DMA1_Stream1_IRQHandler
                0x08008ca8                TIM3_IRQHandler
                0x08008ca8                RCC_IRQHandler
                0x08008ca8                Default_Handler
                0x08008ca8                EXTI15_10_IRQHandler
                0x08008ca8                ADC_IRQHandler
                0x08008ca8                DMA1_Stream7_IRQHandler
                0x08008ca8                TIM5_IRQHandler
                0x08008ca8                DMA2_Stream7_IRQHandler
                0x08008ca8                I2C3_EV_IRQHandler
                0x08008ca8                EXTI9_5_IRQHandler
                0x08008ca8                RTC_WKUP_IRQHandler
                0x08008ca8                SPI2_IRQHandler
                0x08008ca8                DMA1_Stream0_IRQHandler
                0x08008ca8                EXTI4_IRQHandler
                0x08008ca8                WWDG_IRQHandler
                0x08008ca8                TIM2_IRQHandler
                0x08008ca8                OTG_FS_WKUP_IRQHandler
                0x08008ca8                TIM1_TRG_COM_TIM11_IRQHandler
                0x08008ca8                EXTI1_IRQHandler
                0x08008ca8                USART2_IRQHandler
                0x08008ca8                I2C2_ER_IRQHandler
                0x08008ca8                DMA2_Stream1_IRQHandler
                0x08008ca8                FLASH_IRQHandler
                0x08008ca8                DMA2_Stream4_IRQHandler
                0x08008ca8                USART1_IRQHandler
                0x08008ca8                SPI3_IRQHandler
                0x08008ca8                DMA1_Stream4_IRQHandler
                0x08008ca8                I2C1_ER_IRQHandler
                0x08008ca8                DMA2_Stream6_IRQHandler
                0x08008ca8                DMA1_Stream3_IRQHandler
 .text.SystemInit
                0x08008caa        0x2 .pio/build/blackpill_f401cc/libFrameworkCMSISDevice.a(system_stm32f4xx.o)
                0x08008caa                SystemInit
 .text.roundf   0x08008cac       0x48 c:/users/amand/.platformio/packages/toolchain-gccarmnoneeabi@1.70201.0/bin/../lib/gcc/arm-none-eabi/7.2.1/../../../../arm-none-eabi/lib/thumb/v7e-m\libm.a(lib_a-sf_round.o)
                0x08008cac                roundf
 .text.atan2f   0x08008cf4        0x4 c:/users/amand/.platformio/packages/toolchain-gccarmnoneeabi@1.70201.0/bin/../lib/gcc/arm-none-eabi/7.2.1/../../../../arm-none-eabi/lib/thumb/v7e-m\libm.a(lib_a-wf_atan2.o)
                0x08008cf4                atan2f
 .text.sqrtf    0x08008cf8       0xa0 c:/users/amand/.platformio/packages/toolchain-gccarmnoneeabi@1.70201.0/bin/../lib/gcc/arm-none-eabi/7.2.1/../../../../arm-none-eabi/lib/thumb/v7e-m\libm.a(lib_a-wf_sqrt.o)
                0x08008cf8                sqrtf
 .text.__ieee754_atan2f
                0x08008d98      0x120 c:/users/amand/.platformio/packages/toolchain-gccarmnoneeabi@1.70201.0/bin/../lib/gcc/arm-none-eabi/7.2.1/../../../../arm-none-eabi/lib/thumb/v7e-m\libm.a(lib_a-ef_atan2.o)
                0x08008d98                __ieee754_atan2f
 .text.__ieee754_sqrtf
                0x08008eb8       0xa8 c:/users/amand/.platformio/packages/toolchain-gccarmnoneeabi@1.70201.0/bin/../lib/gcc/arm-none-eabi/7.2.1/../../../../arm-none-eabi/lib/thumb/v7e-m\libm.a(lib_a-ef_sqrt.o)
                0x08008eb8                __ieee754_sqrtf
 .text.matherr  0x08008f60        0x4 c:/users/amand/.platformio/packages/toolchain-gccarmnoneeabi@1.70201.0/bin/../lib/gcc/arm-none-eabi/7.2.1/../../../../arm-none-eabi/lib/thumb/v7e-m\libm.a(lib_a-s_matherr.o)
                0x08008f60                matherr
 .text.atanf    0x08008f64      0x21c c:/users/amand/.platformio/packages/toolchain-gccarmnoneeabi@1.70201.0/bin/../lib/gcc/arm-none-eabi/7.2.1/../../../../arm-none-eabi/lib/thumb/v7e-m\libm.a(lib_a-sf_atan.o)
                0x08008f64                atanf
 .text.fabsf    0x08009180        0x8 c:/users/amand/.platformio/packages/toolchain-gccarmnoneeabi@1.70201.0/bin/../lib/gcc/arm-none-eabi/7.2.1/../../../../arm-none-eabi/lib/thumb/v7e-m\libm.a(lib_a-sf_fabs.o)
                0x08009180                fabsf
 .text.__errno  0x08009188        0xc c:/users/amand/.platformio/packages/toolchain-gccarmnoneeabi@1.70201.0/bin/../lib/gcc/arm-none-eabi/7.2.1/../../../../arm-none-eabi/lib/thumb/v7e-m\libc_nano.a(lib_a-errno.o)
                0x08009188                __errno
 .text.__libc_init_array
                0x08009194       0x48 c:/users/amand/.platformio/packages/toolchain-gccarmnoneeabi@1.70201.0/bin/../lib/gcc/arm-none-eabi/7.2.1/../../../../arm-none-eabi/lib/thumb/v7e-m\libc_nano.a(lib_a-init.o)
                0x08009194                __libc_init_array
 .text.malloc   0x080091dc       0x10 c:/users/amand/.platformio/packages/toolchain-gccarmnoneeabi@1.70201.0/bin/../lib/gcc/arm-none-eabi/7.2.1/../../../../arm-none-eabi/lib/thumb/v7e-m\libc_nano.a(lib_a-malloc.o)
                0x080091dc                malloc
 .text.free     0x080091ec       0x10 c:/users/amand/.platformio/packages/toolchain-gccarmnoneeabi@1.70201.0/bin/../lib/gcc/arm-none-eabi/7.2.1/../../../../arm-none-eabi/lib/thumb/v7e-m\libc_nano.a(lib_a-malloc.o)
                0x080091ec                free
 .text.memcmp   0x080091fc       0x1e c:/users/amand/.platformio/packages/toolchain-gccarmnoneeabi@1.70201.0/bin/../lib/gcc/arm-none-eabi/7.2.1/../../../../arm-none-eabi/lib/thumb/v7e-m\libc_nano.a(lib_a-memcmp.o)
                0x080091fc                memcmp
 .text.memset   0x0800921a       0x10 c:/users/amand/.platformio/packages/toolchain-gccarmnoneeabi@1.70201.0/bin/../lib/gcc/arm-none-eabi/7.2.1/../../../../arm-none-eabi/lib/thumb/v7e-m\libc_nano.a(lib_a-memset.o)
                0x0800921a                memset
 *fill*         0x0800922a        0x2 
 .text._free_r  0x0800922c       0x9c c:/users/amand/.platformio/packages/toolchain-gccarmnoneeabi@1.70201.0/bin/../lib/gcc/arm-none-eabi/7.2.1/../../../../arm-none-eabi/lib/thumb/v7e-m\libc_nano.a(lib_a-nano-freer.o)
                0x0800922c                _free_r
 .text._malloc_r
                0x080092c8       0xb4 c:/users/amand/.platformio/packages/toolchain-gccarmnoneeabi@1.70201.0/bin/../lib/gcc/arm-none-eabi/7.2.1/../../../../arm-none-eabi/lib/thumb/v7e-m\libc_nano.a(lib_a-nano-mallocr.o)
                0x080092c8                _malloc_r
 .text.printf   0x0800937c       0x30 c:/users/amand/.platformio/packages/toolchain-gccarmnoneeabi@1.70201.0/bin/../lib/gcc/arm-none-eabi/7.2.1/../../../../arm-none-eabi/lib/thumb/v7e-m\libc_nano.a(lib_a-printf.o)
                0x0800937c                iprintf
                0x0800937c                printf
 .text.putchar  0x080093ac       0x28 c:/users/amand/.platformio/packages/toolchain-gccarmnoneeabi@1.70201.0/bin/../lib/gcc/arm-none-eabi/7.2.1/../../../../arm-none-eabi/lib/thumb/v7e-m\libc_nano.a(lib_a-putchar.o)
                0x080093ac                putchar
 .text._puts_r  0x080093d4       0xb8 c:/users/amand/.platformio/packages/toolchain-gccarmnoneeabi@1.70201.0/bin/../lib/gcc/arm-none-eabi/7.2.1/../../../../arm-none-eabi/lib/thumb/v7e-m\libc_nano.a(lib_a-puts.o)
                0x080093d4                _puts_r
 .text.puts     0x0800948c       0x10 c:/users/amand/.platformio/packages/toolchain-gccarmnoneeabi@1.70201.0/bin/../lib/gcc/arm-none-eabi/7.2.1/../../../../arm-none-eabi/lib/thumb/v7e-m\libc_nano.a(lib_a-puts.o)
                0x0800948c                puts
 .text._sbrk_r  0x0800949c       0x20 c:/users/amand/.platformio/packages/toolchain-gccarmnoneeabi@1.70201.0/bin/../lib/gcc/arm-none-eabi/7.2.1/../../../../arm-none-eabi/lib/thumb/v7e-m\libc_nano.a(lib_a-sbrkr.o)
                0x0800949c                _sbrk_r
 .text.snprintf
                0x080094bc       0x68 c:/users/amand/.platformio/packages/toolchain-gccarmnoneeabi@1.70201.0/bin/../lib/gcc/arm-none-eabi/7.2.1/../../../../arm-none-eabi/lib/thumb/v7e-m\libc_nano.a(lib_a-snprintf.o)
                0x080094bc                sniprintf
                0x080094bc                snprintf
 .text._vsnprintf_r
                0x08009524       0x58 c:/users/amand/.platformio/packages/toolchain-gccarmnoneeabi@1.70201.0/bin/../lib/gcc/arm-none-eabi/7.2.1/../../../../arm-none-eabi/lib/thumb/v7e-m\libc_nano.a(lib_a-vsnprintf.o)
                0x08009524                _vsniprintf_r
                0x08009524                _vsnprintf_r
 .text.vsnprintf
                0x0800957c       0x1c c:/users/amand/.platformio/packages/toolchain-gccarmnoneeabi@1.70201.0/bin/../lib/gcc/arm-none-eabi/7.2.1/../../../../arm-none-eabi/lib/thumb/v7e-m\libc_nano.a(lib_a-vsnprintf.o)
                0x0800957c                vsniprintf
                0x0800957c                vsnprintf
 .text.__swbuf_r
                0x08009598       0xa4 c:/users/amand/.platformio/packages/toolchain-gccarmnoneeabi@1.70201.0/bin/../lib/gcc/arm-none-eabi/7.2.1/../../../../arm-none-eabi/lib/thumb/v7e-m\libc_nano.a(lib_a-wbuf.o)
                0x08009598                __swbuf_r
 .text.__swsetup_r
                0x0800963c       0xdc c:/users/amand/.platformio/packages/toolchain-gccarmnoneeabi@1.70201.0/bin/../lib/gcc/arm-none-eabi/7.2.1/../../../../arm-none-eabi/lib/thumb/v7e-m\libc_nano.a(lib_a-wsetup.o)
                0x0800963c                __swsetup_r
 .text.__sflush_r
                0x08009718      0x10c c:/users/amand/.platformio/packages/toolchain-gccarmnoneeabi@1.70201.0/bin/../lib/gcc/arm-none-eabi/7.2.1/../../../../arm-none-eabi/lib/thumb/v7e-m\libc_nano.a(lib_a-fflush.o)
                0x08009718                __sflush_r
 .text._fflush_r
                0x08009824       0x54 c:/users/amand/.platformio/packages/toolchain-gccarmnoneeabi@1.70201.0/bin/../lib/gcc/arm-none-eabi/7.2.1/../../../../arm-none-eabi/lib/thumb/v7e-m\libc_nano.a(lib_a-fflush.o)
                0x08009824                _fflush_r
 .text.std      0x08009878       0x48 c:/users/amand/.platformio/packages/toolchain-gccarmnoneeabi@1.70201.0/bin/../lib/gcc/arm-none-eabi/7.2.1/../../../../arm-none-eabi/lib/thumb/v7e-m\libc_nano.a(lib_a-findfp.o)
 .text._cleanup_r
                0x080098c0        0xc c:/users/amand/.platformio/packages/toolchain-gccarmnoneeabi@1.70201.0/bin/../lib/gcc/arm-none-eabi/7.2.1/../../../../arm-none-eabi/lib/thumb/v7e-m\libc_nano.a(lib_a-findfp.o)
                0x080098c0                _cleanup_r
 .text.__sfmoreglue
                0x080098cc       0x2c c:/users/amand/.platformio/packages/toolchain-gccarmnoneeabi@1.70201.0/bin/../lib/gcc/arm-none-eabi/7.2.1/../../../../arm-none-eabi/lib/thumb/v7e-m\libc_nano.a(lib_a-findfp.o)
                0x080098cc                __sfmoreglue
 .text.__sinit  0x080098f8       0x60 c:/users/amand/.platformio/packages/toolchain-gccarmnoneeabi@1.70201.0/bin/../lib/gcc/arm-none-eabi/7.2.1/../../../../arm-none-eabi/lib/thumb/v7e-m\libc_nano.a(lib_a-findfp.o)
                0x080098f8                __sinit
 .text.__sfp    0x08009958       0x78 c:/users/amand/.platformio/packages/toolchain-gccarmnoneeabi@1.70201.0/bin/../lib/gcc/arm-none-eabi/7.2.1/../../../../arm-none-eabi/lib/thumb/v7e-m\libc_nano.a(lib_a-findfp.o)
                0x08009958                __sfp
 .text._fwalk_reent
                0x080099d0       0x3c c:/users/amand/.platformio/packages/toolchain-gccarmnoneeabi@1.70201.0/bin/../lib/gcc/arm-none-eabi/7.2.1/../../../../arm-none-eabi/lib/thumb/v7e-m\libc_nano.a(lib_a-fwalk.o)
                0x080099d0                _fwalk_reent
 .text.__swhatbuf_r
                0x08009a0c       0x48 c:/users/amand/.platformio/packages/toolchain-gccarmnoneeabi@1.70201.0/bin/../lib/gcc/arm-none-eabi/7.2.1/../../../../arm-none-eabi/lib/thumb/v7e-m\libc_nano.a(lib_a-makebuf.o)
                0x08009a0c                __swhatbuf_r
 .text.__smakebuf_r
                0x08009a54       0x80 c:/users/amand/.platformio/packages/toolchain-gccarmnoneeabi@1.70201.0/bin/../lib/gcc/arm-none-eabi/7.2.1/../../../../arm-none-eabi/lib/thumb/v7e-m\libc_nano.a(lib_a-makebuf.o)
                0x08009a54                __smakebuf_r
 .text.__malloc_lock
                0x08009ad4        0x2 c:/users/amand/.platformio/packages/toolchain-gccarmnoneeabi@1.70201.0/bin/../lib/gcc/arm-none-eabi/7.2.1/../../../../arm-none-eabi/lib/thumb/v7e-m\libc_nano.a(lib_a-mlock.o)
                0x08009ad4                __malloc_lock
 .text.__malloc_unlock
                0x08009ad6        0x2 c:/users/amand/.platformio/packages/toolchain-gccarmnoneeabi@1.70201.0/bin/../lib/gcc/arm-none-eabi/7.2.1/../../../../arm-none-eabi/lib/thumb/v7e-m\libc_nano.a(lib_a-mlock.o)
                0x08009ad6                __malloc_unlock
 .text._realloc_r
                0x08009ad8       0x4c c:/users/amand/.platformio/packages/toolchain-gccarmnoneeabi@1.70201.0/bin/../lib/gcc/arm-none-eabi/7.2.1/../../../../arm-none-eabi/lib/thumb/v7e-m\libc_nano.a(lib_a-nano-reallocr.o)
                0x08009ad8                _realloc_r
 .text.__ssputs_r
                0x08009b24       0xb4 c:/users/amand/.platformio/packages/toolchain-gccarmnoneeabi@1.70201.0/bin/../lib/gcc/arm-none-eabi/7.2.1/../../../../arm-none-eabi/lib/thumb/v7e-m\libc_nano.a(lib_a-nano-svfprintf.o)
                0x08009b24                __ssputs_r
 .text._svfprintf_r
                0x08009bd8      0x1ec c:/users/amand/.platformio/packages/toolchain-gccarmnoneeabi@1.70201.0/bin/../lib/gcc/arm-none-eabi/7.2.1/../../../../arm-none-eabi/lib/thumb/v7e-m\libc_nano.a(lib_a-nano-svfprintf.o)
                0x08009bd8                _svfiprintf_r
                0x08009bd8                _svfprintf_r
 .text.__sfputc_r
                0x08009dc4       0x2a c:/users/amand/.platformio/packages/toolchain-gccarmnoneeabi@1.70201.0/bin/../lib/gcc/arm-none-eabi/7.2.1/../../../../arm-none-eabi/lib/thumb/v7e-m\libc_nano.a(lib_a-nano-vfprintf.o)
 .text.__sfputs_r
                0x08009dee       0x24 c:/users/amand/.platformio/packages/toolchain-gccarmnoneeabi@1.70201.0/bin/../lib/gcc/arm-none-eabi/7.2.1/../../../../arm-none-eabi/lib/thumb/v7e-m\libc_nano.a(lib_a-nano-vfprintf.o)
                0x08009dee                __sfputs_r
 *fill*         0x08009e12        0x2 
 .text._vfprintf_r
                0x08009e14      0x228 c:/users/amand/.platformio/packages/toolchain-gccarmnoneeabi@1.70201.0/bin/../lib/gcc/arm-none-eabi/7.2.1/../../../../arm-none-eabi/lib/thumb/v7e-m\libc_nano.a(lib_a-nano-vfprintf.o)
                0x08009e14                _vfprintf_r
                0x08009e14                _vfiprintf_r
 .text._printf_common
                0x0800a03c       0xea c:/users/amand/.platformio/packages/toolchain-gccarmnoneeabi@1.70201.0/bin/../lib/gcc/arm-none-eabi/7.2.1/../../../../arm-none-eabi/lib/thumb/v7e-m\libc_nano.a(lib_a-nano-vfprintf_i.o)
                0x0800a03c                _printf_common
 *fill*         0x0800a126        0x2 
 .text._printf_i
                0x0800a128      0x224 c:/users/amand/.platformio/packages/toolchain-gccarmnoneeabi@1.70201.0/bin/../lib/gcc/arm-none-eabi/7.2.1/../../../../arm-none-eabi/lib/thumb/v7e-m\libc_nano.a(lib_a-nano-vfprintf_i.o)
                0x0800a128                _printf_i
 .text._putc_r  0x0800a34c       0x6c c:/users/amand/.platformio/packages/toolchain-gccarmnoneeabi@1.70201.0/bin/../lib/gcc/arm-none-eabi/7.2.1/../../../../arm-none-eabi/lib/thumb/v7e-m\libc_nano.a(lib_a-putc.o)
                0x0800a34c                _putc_r
 .text.__sread  0x0800a3b8       0x22 c:/users/amand/.platformio/packages/toolchain-gccarmnoneeabi@1.70201.0/bin/../lib/gcc/arm-none-eabi/7.2.1/../../../../arm-none-eabi/lib/thumb/v7e-m\libc_nano.a(lib_a-stdio.o)
                0x0800a3b8                __sread
 .text.__swrite
                0x0800a3da       0x38 c:/users/amand/.platformio/packages/toolchain-gccarmnoneeabi@1.70201.0/bin/../lib/gcc/arm-none-eabi/7.2.1/../../../../arm-none-eabi/lib/thumb/v7e-m\libc_nano.a(lib_a-stdio.o)
                0x0800a3da                __swrite
 .text.__sseek  0x0800a412       0x24 c:/users/amand/.platformio/packages/toolchain-gccarmnoneeabi@1.70201.0/bin/../lib/gcc/arm-none-eabi/7.2.1/../../../../arm-none-eabi/lib/thumb/v7e-m\libc_nano.a(lib_a-stdio.o)
                0x0800a412                __sseek
 .text.__sclose
                0x0800a436        0x8 c:/users/amand/.platformio/packages/toolchain-gccarmnoneeabi@1.70201.0/bin/../lib/gcc/arm-none-eabi/7.2.1/../../../../arm-none-eabi/lib/thumb/v7e-m\libc_nano.a(lib_a-stdio.o)
                0x0800a436                __sclose
 *fill*         0x0800a43e        0x2 
 .text._write_r
                0x0800a440       0x24 c:/users/amand/.platformio/packages/toolchain-gccarmnoneeabi@1.70201.0/bin/../lib/gcc/arm-none-eabi/7.2.1/../../../../arm-none-eabi/lib/thumb/v7e-m\libc_nano.a(lib_a-writer.o)
                0x0800a440                _write_r
 .text._close_r
                0x0800a464       0x20 c:/users/amand/.platformio/packages/toolchain-gccarmnoneeabi@1.70201.0/bin/../lib/gcc/arm-none-eabi/7.2.1/../../../../arm-none-eabi/lib/thumb/v7e-m\libc_nano.a(lib_a-closer.o)
                0x0800a464                _close_r
 .text._fstat_r